******************************************************************************
             TMS320C2000 Linker PC v16.9.2                     
******************************************************************************
>> Linked Tue Nov 05 10:15:30 2019

OUTPUT FILE NAME:   <../G6A_Einstiegsaufgabe_Informationstechnik1.out>
ENTRY POINT SYMBOL: "_c_int00"  address: 00300968


MEMORY CONFIGURATION

         name            origin    length      used     unused   attr    fill
----------------------  --------  ---------  --------  --------  ----  --------
PAGE 0:
  BEGINRAM              00000000   00000002  00000000  00000002  RWIX
  RAMM0                 00000002   000003fe  00000000  000003fe  RWIX
  RAML0L3               00008000   00004000  0000001f  00003fe1  RWIX
  ZONE7P                00200000   00010000  00000000  00010000  RWIX
  FLASH                 00300000   0003fff6  00000d09  0003f2ed  RWIX
  BEGINFLASH            0033fff6   00000002  00000002  00000000  RWIX
  ADC_CAL               00380080   00000009  00000007  00000002  RWIX
  OTP                   00380400   00000400  00000000  00000400  RWIX
  CSM_PWL               003f7ff8   00000008  00000000  00000008  RWIX
  IQTABLES              003fe000   00000b50  00000000  00000b50  RWIX
  IQTABLES2             003feb50   0000008c  00000000  0000008c  RWIX
  FPUTABLES             003febdc   000006a0  00000000  000006a0  RWIX
  ROM                   003ff27c   00000d44  00000000  00000d44  RWIX
  RESET                 003fffc0   00000002  00000000  00000002  RWIX
  VECTORS               003fffc2   0000003e  00000000  0000003e  RWIX

PAGE 1:
  RAMM1                 00000400   00000400  00000200  00000200  RWIX
  DEV_EMU               00000880   00000180  000000d0  000000b0  RWIX
  FLASH_REGS            00000a80   00000060  00000008  00000058  RWIX
  CSM                   00000ae0   00000010  00000010  00000000  RWIX
  ADC_MIRROR            00000b00   00000010  00000010  00000000  RWIX
  XINTF                 00000b20   00000020  0000001e  00000002  RWIX
  CPU_TIMER0            00000c00   00000008  00000008  00000000  RWIX
  CPU_TIMER1            00000c08   00000008  00000008  00000000  RWIX
  CPU_TIMER2            00000c10   00000008  00000008  00000000  RWIX
  PIE_CTRL              00000ce0   00000020  0000001a  00000006  RWIX
  PIE_VECT              00000d00   00000100  00000100  00000000  RWIX
  DMA                   00001000   00000200  000000e0  00000120  RWIX
  MCBSPA                00005000   00000040  00000025  0000001b  RWIX
  MCBSPB                00005040   00000040  00000025  0000001b  RWIX
  ECANA                 00006000   00000040  00000034  0000000c  RWIX
  ECANA_LAM             00006040   00000040  00000040  00000000  RWIX
  ECANA_MOTS            00006080   00000040  00000040  00000000  RWIX
  ECANA_MOTO            000060c0   00000040  00000040  00000000  RWIX
  ECANA_MBOX            00006100   00000100  00000100  00000000  RWIX
  ECANB                 00006200   00000040  00000034  0000000c  RWIX
  ECANB_LAM             00006240   00000040  00000040  00000000  RWIX
  ECANB_MOTS            00006280   00000040  00000040  00000000  RWIX
  ECANB_MOTO            000062c0   00000040  00000040  00000000  RWIX
  ECANB_MBOX            00006300   00000100  00000100  00000000  RWIX
  EPWM1                 00006800   00000022  00000022  00000000  RWIX
  EPWM2                 00006840   00000022  00000022  00000000  RWIX
  EPWM3                 00006880   00000022  00000022  00000000  RWIX
  EPWM4                 000068c0   00000022  00000022  00000000  RWIX
  EPWM5                 00006900   00000022  00000022  00000000  RWIX
  EPWM6                 00006940   00000022  00000022  00000000  RWIX
  ECAP1                 00006a00   00000020  00000020  00000000  RWIX
  ECAP2                 00006a20   00000020  00000020  00000000  RWIX
  ECAP3                 00006a40   00000020  00000020  00000000  RWIX
  ECAP4                 00006a60   00000020  00000020  00000000  RWIX
  ECAP5                 00006a80   00000020  00000020  00000000  RWIX
  ECAP6                 00006aa0   00000020  00000020  00000000  RWIX
  EQEP1                 00006b00   00000040  00000040  00000000  RWIX
  EQEP2                 00006b40   00000040  00000040  00000000  RWIX
  GPIOCTRL              00006f80   00000040  0000002e  00000012  RWIX
  GPIODAT               00006fc0   00000020  00000020  00000000  RWIX
  GPIOINT               00006fe0   00000020  0000000a  00000016  RWIX
  SYSTEM                00007010   00000020  00000020  00000000  RWIX
  SPIA                  00007040   00000010  00000010  00000000  RWIX
  SCIA                  00007050   00000010  00000010  00000000  RWIX
  XINTRUPT              00007070   00000010  00000010  00000000  RWIX
  ADC                   00007100   00000020  0000001e  00000002  RWIX
  SCIB                  00007750   00000010  00000010  00000000  RWIX
  SCIC                  00007770   00000010  00000010  00000000  RWIX
  I2CA                  00007900   00000040  00000022  0000001e  RWIX
  RAML4L7               0000c000   00004000  00000098  00003f68  RWIX
  ZONE7D                00210000   00010000  00000000  00010000  RWIX
  CSM_PWL               0033fff8   00000008  00000008  00000000  RWIX


SECTION ALLOCATION MAP

 output                                  attributes/
section   page    origin      length       input sections
--------  ----  ----------  ----------   ----------------
.text      0    00300000    00000b81     
                  00300000    000003e2     G6A_Einstiegsaufgabe_Informationstechnik1.obj (.text)
                  003003e2    00000316     DSP2833x_DefaultIsr.obj (.text:retain)
                  003006f8    000000f8     DSP2833x_SysCtrl.obj (.text)
                  003007f0    00000080     ert_main.obj (.text)
                  00300870    0000007d     MW_c28xx_board.obj (.text)
                  003008ed    0000007b     DSP2833x_CpuTimers.obj (.text)
                  00300968    00000056     rts2800_fpu32.lib : boot28.obj (.text)
                  003009be    00000044     c2833xSchedulerTimer0.obj (.text:retain)
                  00300a02    0000003d     c2833xSchedulerTimer0.obj (.text)
                  00300a3f    0000002e     MW_c28xx_adc.obj (.text)
                  00300a6d    00000029     rts2800_fpu32.lib : exit.obj (.text)
                  00300a96    00000028     DSP2833x_PieCtrl.obj (.text)
                  00300abe    00000024     rts2800_fpu32.lib : cpy_tbl.obj (.text)
                  00300ae2    00000020     DSP2833x_PieVect.obj (.text)
                  00300b02    0000001e     rts2800_fpu32.lib : memcpy.obj (.text)
                  00300b20    00000019                       : args_main.obj (.text)
                  00300b39    00000016     c2833xBoard_Realtime_Support.obj (.text)
                  00300b4f    00000014     DSP2833x_Adc.obj (.text)
                  00300b63    0000000a     MW_c28xx_pwm.obj (.text)
                  00300b6d    00000009     rts2800_fpu32.lib : _lock.obj (.text)
                  00300b76    00000008     DSP2833x_CodeStartBranch.obj (.text)
                  00300b7e    00000002     rts2800_fpu32.lib : pre_init.obj (.text)
                  00300b80    00000001                       : startup.obj (.text)

ramfuncs   0    00300b81    0000001f     RUN ADDR = 00008000
                  00300b81    0000001b     DSP2833x_SysCtrl.obj (ramfuncs)
                  00300b9c    00000004     DSP2833x_usDelay.obj (ramfuncs)

.econst    0    00300ba0    00000102     
                  00300ba0    00000100     DSP2833x_PieVect.obj (.econst:_PieVectTableInit)
                  00300ca0    00000002     G6A_Einstiegsaufgabe_Informationstechnik1.obj (.econst)

.cinit     0    00300ca2    00000067     
                  00300ca2    00000037     G6A_Einstiegsaufgabe_Informationstechnik1_data.obj (.cinit)
                  00300cd9    00000012     ert_main.obj (.cinit)
                  00300ceb    0000000e     rts2800_fpu32.lib : exit.obj (.cinit)
                  00300cf9    00000005                       : _lock.obj (.cinit:__lock)
                  00300cfe    00000005                       : _lock.obj (.cinit:__unlock)
                  00300d03    00000004     G6A_Einstiegsaufgabe_Informationstechnik1.obj (.cinit)
                  00300d07    00000002     --HOLE-- [fill = 0]

codestart 
*          0    0033fff6    00000002     
                  0033fff6    00000002     DSP2833x_CodeStartBranch.obj (codestart)

.adc_cal   0    00380080    00000007     NOLOAD SECTION
                  00380080    00000007     DSP2833x_ADC_cal.obj (.adc_cal)

.stack     1    00000400    00000200     UNINITIALIZED
                  00000400    00000200     --HOLE--

DevEmuRegsFile 
*          1    00000880    000000d0     UNINITIALIZED
                  00000880    000000d0     DSP2833x_GlobalVariableDefs.obj (DevEmuRegsFile)

FlashRegsFile 
*          1    00000a80    00000008     UNINITIALIZED
                  00000a80    00000008     DSP2833x_GlobalVariableDefs.obj (FlashRegsFile)

CsmRegsFile 
*          1    00000ae0    00000010     UNINITIALIZED
                  00000ae0    00000010     DSP2833x_GlobalVariableDefs.obj (CsmRegsFile)

AdcMirrorFile 
*          1    00000b00    00000010     UNINITIALIZED
                  00000b00    00000010     DSP2833x_GlobalVariableDefs.obj (AdcMirrorFile)

XintfRegsFile 
*          1    00000b20    0000001e     UNINITIALIZED
                  00000b20    0000001e     DSP2833x_GlobalVariableDefs.obj (XintfRegsFile)

CpuTimer0RegsFile 
*          1    00000c00    00000008     UNINITIALIZED
                  00000c00    00000008     DSP2833x_GlobalVariableDefs.obj (CpuTimer0RegsFile)

CpuTimer1RegsFile 
*          1    00000c08    00000008     UNINITIALIZED
                  00000c08    00000008     DSP2833x_GlobalVariableDefs.obj (CpuTimer1RegsFile)

CpuTimer2RegsFile 
*          1    00000c10    00000008     UNINITIALIZED
                  00000c10    00000008     DSP2833x_GlobalVariableDefs.obj (CpuTimer2RegsFile)

PieCtrlRegsFile 
*          1    00000ce0    0000001a     UNINITIALIZED
                  00000ce0    0000001a     DSP2833x_GlobalVariableDefs.obj (PieCtrlRegsFile)

PieVectTableFile 
*          1    00000d00    00000100     UNINITIALIZED
                  00000d00    00000100     DSP2833x_GlobalVariableDefs.obj (PieVectTableFile)

DmaRegsFile 
*          1    00001000    000000e0     UNINITIALIZED
                  00001000    000000e0     DSP2833x_GlobalVariableDefs.obj (DmaRegsFile)

McbspaRegsFile 
*          1    00005000    00000025     UNINITIALIZED
                  00005000    00000025     DSP2833x_GlobalVariableDefs.obj (McbspaRegsFile)

McbspbRegsFile 
*          1    00005040    00000025     UNINITIALIZED
                  00005040    00000025     DSP2833x_GlobalVariableDefs.obj (McbspbRegsFile)

ECanaRegsFile 
*          1    00006000    00000034     UNINITIALIZED
                  00006000    00000034     DSP2833x_GlobalVariableDefs.obj (ECanaRegsFile)

ECanaLAMRegsFile 
*          1    00006040    00000040     UNINITIALIZED
                  00006040    00000040     DSP2833x_GlobalVariableDefs.obj (ECanaLAMRegsFile)

ECanaMOTSRegsFile 
*          1    00006080    00000040     UNINITIALIZED
                  00006080    00000040     DSP2833x_GlobalVariableDefs.obj (ECanaMOTSRegsFile)

ECanaMOTORegsFile 
*          1    000060c0    00000040     UNINITIALIZED
                  000060c0    00000040     DSP2833x_GlobalVariableDefs.obj (ECanaMOTORegsFile)

ECanaMboxesFile 
*          1    00006100    00000100     UNINITIALIZED
                  00006100    00000100     DSP2833x_GlobalVariableDefs.obj (ECanaMboxesFile)

ECanbRegsFile 
*          1    00006200    00000034     UNINITIALIZED
                  00006200    00000034     DSP2833x_GlobalVariableDefs.obj (ECanbRegsFile)

ECanbLAMRegsFile 
*          1    00006240    00000040     UNINITIALIZED
                  00006240    00000040     DSP2833x_GlobalVariableDefs.obj (ECanbLAMRegsFile)

ECanbMOTSRegsFile 
*          1    00006280    00000040     UNINITIALIZED
                  00006280    00000040     DSP2833x_GlobalVariableDefs.obj (ECanbMOTSRegsFile)

ECanbMOTORegsFile 
*          1    000062c0    00000040     UNINITIALIZED
                  000062c0    00000040     DSP2833x_GlobalVariableDefs.obj (ECanbMOTORegsFile)

ECanbMboxesFile 
*          1    00006300    00000100     UNINITIALIZED
                  00006300    00000100     DSP2833x_GlobalVariableDefs.obj (ECanbMboxesFile)

EPwm1RegsFile 
*          1    00006800    00000022     UNINITIALIZED
                  00006800    00000022     DSP2833x_GlobalVariableDefs.obj (EPwm1RegsFile)

EPwm2RegsFile 
*          1    00006840    00000022     UNINITIALIZED
                  00006840    00000022     DSP2833x_GlobalVariableDefs.obj (EPwm2RegsFile)

EPwm3RegsFile 
*          1    00006880    00000022     UNINITIALIZED
                  00006880    00000022     DSP2833x_GlobalVariableDefs.obj (EPwm3RegsFile)

EPwm4RegsFile 
*          1    000068c0    00000022     UNINITIALIZED
                  000068c0    00000022     DSP2833x_GlobalVariableDefs.obj (EPwm4RegsFile)

EPwm5RegsFile 
*          1    00006900    00000022     UNINITIALIZED
                  00006900    00000022     DSP2833x_GlobalVariableDefs.obj (EPwm5RegsFile)

EPwm6RegsFile 
*          1    00006940    00000022     UNINITIALIZED
                  00006940    00000022     DSP2833x_GlobalVariableDefs.obj (EPwm6RegsFile)

ECap1RegsFile 
*          1    00006a00    00000020     UNINITIALIZED
                  00006a00    00000020     DSP2833x_GlobalVariableDefs.obj (ECap1RegsFile)

ECap2RegsFile 
*          1    00006a20    00000020     UNINITIALIZED
                  00006a20    00000020     DSP2833x_GlobalVariableDefs.obj (ECap2RegsFile)

ECap3RegsFile 
*          1    00006a40    00000020     UNINITIALIZED
                  00006a40    00000020     DSP2833x_GlobalVariableDefs.obj (ECap3RegsFile)

ECap4RegsFile 
*          1    00006a60    00000020     UNINITIALIZED
                  00006a60    00000020     DSP2833x_GlobalVariableDefs.obj (ECap4RegsFile)

ECap5RegsFile 
*          1    00006a80    00000020     UNINITIALIZED
                  00006a80    00000020     DSP2833x_GlobalVariableDefs.obj (ECap5RegsFile)

ECap6RegsFile 
*          1    00006aa0    00000020     UNINITIALIZED
                  00006aa0    00000020     DSP2833x_GlobalVariableDefs.obj (ECap6RegsFile)

EQep1RegsFile 
*          1    00006b00    00000040     UNINITIALIZED
                  00006b00    00000040     DSP2833x_GlobalVariableDefs.obj (EQep1RegsFile)

EQep2RegsFile 
*          1    00006b40    00000040     UNINITIALIZED
                  00006b40    00000040     DSP2833x_GlobalVariableDefs.obj (EQep2RegsFile)

GpioCtrlRegsFile 
*          1    00006f80    0000002e     UNINITIALIZED
                  00006f80    0000002e     DSP2833x_GlobalVariableDefs.obj (GpioCtrlRegsFile)

GpioDataRegsFile 
*          1    00006fc0    00000020     UNINITIALIZED
                  00006fc0    00000020     DSP2833x_GlobalVariableDefs.obj (GpioDataRegsFile)

GpioIntRegsFile 
*          1    00006fe0    0000000a     UNINITIALIZED
                  00006fe0    0000000a     DSP2833x_GlobalVariableDefs.obj (GpioIntRegsFile)

SysCtrlRegsFile 
*          1    00007010    00000020     UNINITIALIZED
                  00007010    00000020     DSP2833x_GlobalVariableDefs.obj (SysCtrlRegsFile)

SpiaRegsFile 
*          1    00007040    00000010     UNINITIALIZED
                  00007040    00000010     DSP2833x_GlobalVariableDefs.obj (SpiaRegsFile)

SciaRegsFile 
*          1    00007050    00000010     UNINITIALIZED
                  00007050    00000010     DSP2833x_GlobalVariableDefs.obj (SciaRegsFile)

XIntruptRegsFile 
*          1    00007070    00000010     UNINITIALIZED
                  00007070    00000010     DSP2833x_GlobalVariableDefs.obj (XIntruptRegsFile)

AdcRegsFile 
*          1    00007100    0000001e     UNINITIALIZED
                  00007100    0000001e     DSP2833x_GlobalVariableDefs.obj (AdcRegsFile)

ScibRegsFile 
*          1    00007750    00000010     UNINITIALIZED
                  00007750    00000010     DSP2833x_GlobalVariableDefs.obj (ScibRegsFile)

ScicRegsFile 
*          1    00007770    00000010     UNINITIALIZED
                  00007770    00000010     DSP2833x_GlobalVariableDefs.obj (ScicRegsFile)

I2caRegsFile 
*          1    00007900    00000022     UNINITIALIZED
                  00007900    00000022     DSP2833x_GlobalVariableDefs.obj (I2caRegsFile)

CsmPwlFile 
*          1    0033fff8    00000008     UNINITIALIZED
                  0033fff8    00000008     DSP2833x_GlobalVariableDefs.obj (CsmPwlFile)

.bss       1    0000c000    00000000     UNINITIALIZED

.ebss      1    0000c000    00000098     UNINITIALIZED
                  0000c000    00000034     G6A_Einstiegsaufgabe_Informationstechnik1_data.obj (.ebss)
                  0000c034    00000006     ert_main.obj (.ebss)
                  0000c03a    00000006     rts2800_fpu32.lib : exit.obj (.ebss)
                  0000c040    0000002a     G6A_Einstiegsaufgabe_Informationstechnik1.obj (.ebss)
                  0000c06a    00000002     rts2800_fpu32.lib : _lock.obj (.ebss:__lock)
                  0000c06c    00000002                       : _lock.obj (.ebss:__unlock)
                  0000c06e    00000012     --HOLE--
                  0000c080    00000018     DSP2833x_CpuTimers.obj (.ebss)

.pinit     0    00300000    00000000     UNINITIALIZED

.reset     0    003fffc0    00000002     DSECT
                  003fffc0    00000002     rts2800_fpu32.lib : boot28.obj (.reset)

.data      1    0000c000    00000000     UNINITIALIZED

MODULE SUMMARY

       Module                                               code   initialized data   uninitialized data
       ------                                               ----   ----------------   ------------------
    <current directory>
       DSP2833x_GlobalVariableDefs.obj                      0      0                  2678              
       G6A_Einstiegsaufgabe_Informationstechnik1.obj        994    6                  42                
       DSP2833x_DefaultIsr.obj                              790    0                  0                 
       DSP2833x_SysCtrl.obj                                 302    0                  0                 
       DSP2833x_PieVect.obj                                 32     256                0                 
       ert_main.obj                                         128    18                 6                 
       DSP2833x_CpuTimers.obj                               123    0                  24                
       c2833xSchedulerTimer0.obj                            129    0                  0                 
       MW_c28xx_board.obj                                   125    0                  0                 
       G6A_Einstiegsaufgabe_Informationstechnik1_data.obj   0      55                 52                
       MW_c28xx_adc.obj                                     46     0                  0                 
       DSP2833x_PieCtrl.obj                                 40     0                  0                 
       c2833xBoard_Realtime_Support.obj                     22     0                  0                 
       DSP2833x_Adc.obj                                     20     0                  0                 
       DSP2833x_CodeStartBranch.obj                         10     0                  0                 
       MW_c28xx_pwm.obj                                     10     0                  0                 
       DSP2833x_usDelay.obj                                 8      0                  0                 
       DSP2833x_ADC_cal.obj                                 7      0                  0                 
    +--+----------------------------------------------------+------+------------------+--------------------+
       Total:                                               2786   335                2802              
                                                                                                        
    C:/PROGRA~3/MATLAB/SUPPOR~1/R2018b/3P778C~1.INS/TIC200~1.INS/TI-CGT~1.LTS/lib/rts2800_fpu32.lib
       boot28.obj                                           86     0                  0                 
       exit.obj                                             41     14                 6                 
       cpy_tbl.obj                                          36     0                  0                 
       memcpy.obj                                           30     0                  0                 
       args_main.obj                                        25     0                  0                 
       _lock.obj                                            9      10                 4                 
       pre_init.obj                                         2      0                  0                 
       startup.obj                                          1      0                  0                 
    +--+----------------------------------------------------+------+------------------+--------------------+
       Total:                                               230    24                 10                
                                                                                                        
       Stack:                                               0      0                  512               
    +--+----------------------------------------------------+------+------------------+--------------------+
       Grand Total:                                         3016   359                3324              


GLOBAL DATA SYMBOLS: SORTED BY DATA PAGE

address     data page           name
--------    ----------------    ----
00000400      10 (00000400)     __stack

00000880      22 (00000880)     _DevEmuRegs

00000a80      2a (00000a80)     _FlashRegs

00000ae0      2b (00000ac0)     _CsmRegs

00000b00      2c (00000b00)     _AdcMirror
00000b20      2c (00000b00)     _XintfRegs

00000c00      30 (00000c00)     _CpuTimer0Regs
00000c08      30 (00000c00)     _CpuTimer1Regs
00000c10      30 (00000c00)     _CpuTimer2Regs

00000ce0      33 (00000cc0)     _PieCtrlRegs

00000d00      34 (00000d00)     _PieVectTable

00001000      40 (00001000)     _DmaRegs

00005000     140 (00005000)     _McbspaRegs

00005040     141 (00005040)     _McbspbRegs

00006000     180 (00006000)     _ECanaRegs

00006040     181 (00006040)     _ECanaLAMRegs

00006080     182 (00006080)     _ECanaMOTSRegs

000060c0     183 (000060c0)     _ECanaMOTORegs

00006100     184 (00006100)     _ECanaMboxes

00006200     188 (00006200)     _ECanbRegs

00006240     189 (00006240)     _ECanbLAMRegs

00006280     18a (00006280)     _ECanbMOTSRegs

000062c0     18b (000062c0)     _ECanbMOTORegs

00006300     18c (00006300)     _ECanbMboxes

00006800     1a0 (00006800)     _EPwm1Regs

00006840     1a1 (00006840)     _EPwm2Regs

00006880     1a2 (00006880)     _EPwm3Regs

000068c0     1a3 (000068c0)     _EPwm4Regs

00006900     1a4 (00006900)     _EPwm5Regs

00006940     1a5 (00006940)     _EPwm6Regs

00006a00     1a8 (00006a00)     _ECap1Regs
00006a20     1a8 (00006a00)     _ECap2Regs

00006a40     1a9 (00006a40)     _ECap3Regs
00006a60     1a9 (00006a40)     _ECap4Regs

00006a80     1aa (00006a80)     _ECap5Regs
00006aa0     1aa (00006a80)     _ECap6Regs

00006b00     1ac (00006b00)     _EQep1Regs

00006b40     1ad (00006b40)     _EQep2Regs

00006f80     1be (00006f80)     _GpioCtrlRegs

00006fc0     1bf (00006fc0)     _GpioDataRegs
00006fe0     1bf (00006fc0)     _GpioIntRegs

00007010     1c0 (00007000)     _SysCtrlRegs

00007040     1c1 (00007040)     _SpiaRegs
00007050     1c1 (00007040)     _SciaRegs
00007070     1c1 (00007040)     _XIntruptRegs

00007100     1c4 (00007100)     _AdcRegs

00007750     1dd (00007740)     _ScibRegs
00007770     1dd (00007740)     _ScicRegs

00007900     1e4 (00007900)     _I2caRegs

0000c000     300 (0000c000)     _G6A_Einstiegsaufgabe_Informat_P
0000c034     300 (0000c000)     _stopRequested
0000c035     300 (0000c000)     _IsrOverrun
0000c036     300 (0000c000)     _need2runFlags
0000c038     300 (0000c000)     _isRateRunning
0000c03a     300 (0000c000)     ___TI_enable_exit_profile_output
0000c03c     300 (0000c000)     ___TI_cleanup_ptr
0000c03e     300 (0000c000)     ___TI_dtors_ptr

0000c042     301 (0000c040)     _G6A_Einstiegsaufgabe_Informa_M_
0000c048     301 (0000c040)     _G6A_Einstiegsaufgabe_Info_DWork
0000c056     301 (0000c040)     _G6A_Einstiegsaufgabe_Informat_B
0000c06a     301 (0000c040)     __lock
0000c06c     301 (0000c040)     __unlock

0000c080     302 (0000c080)     _CpuTimer1
0000c088     302 (0000c080)     _CpuTimer2
0000c090     302 (0000c080)     _CpuTimer0

00300ba0    c02e (00300b80)     _PieVectTableInit

00300ca0    c032 (00300c80)     _G6A_Einstiegsaufgabe_Informa_M

0033fff8    cfff (0033ffc0)     _CsmPwl


GLOBAL SYMBOLS: SORTED ALPHABETICALLY BY Name 

page  address   name                                                               
----  -------   ----                                                               
1     0000c000  .bss                                                               
1     0000c000  .data                                                              
0     00300000  .text                                                              
0     00300a6d  C$$EXIT                                                            
0     003004c8  _ADCINT_ISR                                                        
0     00380080  _ADC_cal                                                           
1     00000b00  _AdcMirror                                                         
1     00007100  _AdcRegs                                                           
0     0030092e  _ConfigCpuTimer                                                    
1     0000c090  _CpuTimer0                                                         
1     00000c00  _CpuTimer0Regs                                                     
1     0000c080  _CpuTimer1                                                         
1     00000c08  _CpuTimer1Regs                                                     
1     0000c088  _CpuTimer2                                                         
1     00000c10  _CpuTimer2Regs                                                     
1     0033fff8  _CsmPwl                                                            
1     00000ae0  _CsmRegs                                                           
0     003007bf  _CsmUnlock                                                         
0     003003f6  _DATALOG_ISR                                                       
0     003005ea  _DINTCH1_ISR                                                       
0     003005f4  _DINTCH2_ISR                                                       
0     003005fe  _DINTCH3_ISR                                                       
0     00300608  _DINTCH4_ISR                                                       
0     00300612  _DINTCH5_ISR                                                       
0     0030061c  _DINTCH6_ISR                                                       
0     0000801b  _DSP28x_usDelay                                                    
1     00000880  _DevEmuRegs                                                        
0     0030070b  _DisableDog                                                        
1     00001000  _DmaRegs                                                           
0     00300676  _ECAN0INTA_ISR                                                     
0     0030068a  _ECAN0INTB_ISR                                                     
0     00300680  _ECAN1INTA_ISR                                                     
0     00300694  _ECAN1INTB_ISR                                                     
0     0030055e  _ECAP1_INT_ISR                                                     
0     00300568  _ECAP2_INT_ISR                                                     
0     00300572  _ECAP3_INT_ISR                                                     
0     0030057c  _ECAP4_INT_ISR                                                     
0     00300586  _ECAP5_INT_ISR                                                     
0     00300590  _ECAP6_INT_ISR                                                     
1     00006040  _ECanaLAMRegs                                                      
1     000060c0  _ECanaMOTORegs                                                     
1     00006080  _ECanaMOTSRegs                                                     
1     00006100  _ECanaMboxes                                                       
1     00006000  _ECanaRegs                                                         
1     00006240  _ECanbLAMRegs                                                      
1     000062c0  _ECanbMOTORegs                                                     
1     00006280  _ECanbMOTSRegs                                                     
1     00006300  _ECanbMboxes                                                       
1     00006200  _ECanbRegs                                                         
1     00006a00  _ECap1Regs                                                         
1     00006a20  _ECap2Regs                                                         
1     00006a40  _ECap3Regs                                                         
1     00006a60  _ECap4Regs                                                         
1     00006a80  _ECap5Regs                                                         
1     00006aa0  _ECap6Regs                                                         
0     0030040a  _EMUINT_ISR                                                        
0     00300522  _EPWM1_INT_ISR                                                     
0     003004e6  _EPWM1_TZINT_ISR                                                   
0     0030052c  _EPWM2_INT_ISR                                                     
0     003004f0  _EPWM2_TZINT_ISR                                                   
0     00300536  _EPWM3_INT_ISR                                                     
0     003004fa  _EPWM3_TZINT_ISR                                                   
0     00300540  _EPWM4_INT_ISR                                                     
0     00300504  _EPWM4_TZINT_ISR                                                   
0     0030054a  _EPWM5_INT_ISR                                                     
0     0030050e  _EPWM5_TZINT_ISR                                                   
0     00300554  _EPWM6_INT_ISR                                                     
0     00300518  _EPWM6_TZINT_ISR                                                   
1     00006800  _EPwm1Regs                                                         
1     00006840  _EPwm2Regs                                                         
1     00006880  _EPwm3Regs                                                         
1     000068c0  _EPwm4Regs                                                         
1     00006900  _EPwm5Regs                                                         
1     00006940  _EPwm6Regs                                                         
0     0030059a  _EQEP1_INT_ISR                                                     
0     003005a4  _EQEP2_INT_ISR                                                     
1     00006b00  _EQep1Regs                                                         
1     00006b40  _EQep2Regs                                                         
0     00300ab5  _EnableInterrupts                                                  
1     00000a80  _FlashRegs                                                         
0     0030007e  _G6A_Einstie_MATLABFunction1                                       
0     0030005c  _G6A_Einstiegsa_NEGATIVEEdge                                       
0     0030006d  _G6A_Einstiegsa_POSITIVEEdge                                       
1     0000c048  _G6A_Einstiegsaufgabe_Info_DWork                                   
0     00300ca0  _G6A_Einstiegsaufgabe_Informa_M                                    
1     0000c042  _G6A_Einstiegsaufgabe_Informa_M_                                   
1     0000c056  _G6A_Einstiegsaufgabe_Informat_B                                   
1     0000c000  _G6A_Einstiegsaufgabe_Informat_P                                   
0     0030003b  _G6A_Einstiegsaufgabe_Informationstechnik1_SetEventsForThisBaseStep
0     00300351  _G6A_Einstiegsaufgabe_Informationstechnik1_initialize              
0     0030008f  _G6A_Einstiegsaufgabe_Informationstechnik1_step0                   
0     0030026c  _G6A_Einstiegsaufgabe_Informationstechnik1_step1                   
0     003003e1  _G6A_Einstiegsaufgabe_Informationstechnik1_terminate               
1     00006f80  _GpioCtrlRegs                                                      
1     00006fc0  _GpioDataRegs                                                      
1     00006fe0  _GpioIntRegs                                                       
0     00300626  _I2CINT1A_ISR                                                      
0     00300630  _I2CINT2A_ISR                                                      
1     00007900  _I2caRegs                                                          
0     0030041e  _ILLEGAL_ISR                                                       
0     003003e2  _INT13_ISR                                                         
0     003003ec  _INT14_ISR                                                         
0     00300b4f  _InitAdc                                                           
0     003008ed  _InitCpuTimers                                                     
0     00008000  _InitFlash                                                         
0     00300764  _InitPeripheralClocks                                              
0     00300a96  _InitPieCtrl                                                       
0     00300ae2  _InitPieVectTable                                                  
0     00300713  _InitPll                                                           
0     003006f8  _InitSysCtrl                                                       
0     003008ce  _InitXintf16Gpio                                                   
1     0000c035  _IsrOverrun                                                        
0     003006da  _LUF_ISR                                                           
0     003006d0  _LVF_ISR                                                           
0     003005d6  _MRINTA_ISR                                                        
0     003005c2  _MRINTB_ISR                                                        
0     003005e0  _MXINTA_ISR                                                        
0     003005cc  _MXINTB_ISR                                                        
1     00005000  _McbspaRegs                                                        
1     00005040  _McbspbRegs                                                        
0     00300414  _NMI_ISR                                                           
0     003006e4  _PIE_RESERVED                                                      
1     00000ce0  _PieCtrlRegs                                                       
1     00000d00  _PieVectTable                                                      
0     00300ba0  _PieVectTableInit                                                  
0     00300400  _RTOSINT_ISR                                                       
0     00300ba0  _RamfuncsLoadEnd                                                   
0     00300b81  _RamfuncsLoadStart                                                 
0     00008000  _RamfuncsRunStart                                                  
0     0030064e  _SCIRXINTA_ISR                                                     
0     00300662  _SCIRXINTB_ISR                                                     
0     0030063a  _SCIRXINTC_ISR                                                     
0     00300658  _SCITXINTA_ISR                                                     
0     0030066c  _SCITXINTB_ISR                                                     
0     00300644  _SCITXINTC_ISR                                                     
0     003004a0  _SEQ1INT_ISR                                                       
0     003004aa  _SEQ2INT_ISR                                                       
0     003005ae  _SPIRXINTA_ISR                                                     
0     003005b8  _SPITXINTA_ISR                                                     
1     00007050  _SciaRegs                                                          
1     00007750  _ScibRegs                                                          
1     00007770  _ScicRegs                                                          
0     00300701  _ServiceDog                                                        
1     00007040  _SpiaRegs                                                          
1     00007010  _SysCtrlRegs                                                       
0     003004d2  _TINT0_ISR                                                         
0     003009be  _TINT0_isr                                                         
0     00300482  _USER10_ISR                                                        
0     0030048c  _USER11_ISR                                                        
0     00300496  _USER12_ISR                                                        
0     00300428  _USER1_ISR                                                         
0     00300432  _USER2_ISR                                                         
0     0030043c  _USER3_ISR                                                         
0     00300446  _USER4_ISR                                                         
0     00300450  _USER5_ISR                                                         
0     0030045a  _USER6_ISR                                                         
0     00300464  _USER7_ISR                                                         
0     0030046e  _USER8_ISR                                                         
0     00300478  _USER9_ISR                                                         
0     003004dc  _WAKEINT_ISR                                                       
0     003004b4  _XINT1_ISR                                                         
0     003004be  _XINT2_ISR                                                         
0     0030069e  _XINT3_ISR                                                         
0     003006a8  _XINT4_ISR                                                         
0     003006b2  _XINT5_ISR                                                         
0     003006bc  _XINT6_ISR                                                         
0     003006c6  _XINT7_ISR                                                         
1     00007070  _XIntruptRegs                                                      
1     00000b20  _XintfRegs                                                         
1     00000600  __STACK_END                                                        
abs   00000200  __STACK_SIZE                                                       
1     0000c03c  ___TI_cleanup_ptr                                                  
1     0000c03e  ___TI_dtors_ptr                                                    
1     0000c03a  ___TI_enable_exit_profile_output                                   
abs   ffffffff  ___TI_pprof_out_hndl                                               
abs   ffffffff  ___TI_prof_data_size                                               
abs   ffffffff  ___TI_prof_data_start                                              
abs   ffffffff  ___binit__                                                         
1     0000c000  ___bss__                                                           
abs   ffffffff  ___c_args__                                                        
0     00300ca2  ___cinit__                                                         
1     0000c000  ___data__                                                          
1     0000c000  ___edata__                                                         
1     0000c000  ___end__                                                           
0     00300b81  ___etext__                                                         
abs   ffffffff  ___pinit__                                                         
0     00300000  ___text__                                                          
0     00300b20  __args_main                                                        
1     0000c06a  __lock                                                             
0     00300b75  __nop                                                              
0     00300b71  __register_lock                                                    
0     00300b6d  __register_unlock                                                  
1     00000400  __stack                                                            
0     00300b80  __system_post_cinit                                                
0     00300b7e  __system_pre_init                                                  
1     0000c06c  __unlock                                                           
0     00300a6d  _abort                                                             
0     00300b40  _c2000_flash_init                                                  
0     00300968  _c_int00                                                           
0     00300a3f  _config_ADC_A                                                      
0     00300b63  _config_ePWM_GPIO                                                  
0     00300a02  _configureTimer0                                                   
0     00300abe  _copy_in                                                           
0     00300a31  _disableTimer0Interrupt                                            
0     00300a29  _enableTimer0Interrupt                                             
0     00300a6f  _exit                                                              
0     00300b3d  _globalInterruptDisable                                            
0     00300b39  _globalInterruptEnable                                             
0     00300870  _init_board                                                        
0     00300000  _init_i2c                                                          
1     0000c038  _isRateRunning                                                     
0     00300825  _main                                                              
0     00300b02  _memcpy                                                            
1     0000c036  _need2runFlags                                                     
0     00300033  _reset_i2c                                                         
0     003006ee  _rsvd_ISR                                                          
0     003007f0  _rt_OneStep                                                        
1     0000c034  _stopRequested                                                     
abs   ffffffff  binit                                                              
0     00300ca2  cinit                                                              
0     0033fff6  code_start                                                         
1     0000c000  edata                                                              
1     0000c000  end                                                                
0     00300b81  etext                                                              
abs   ffffffff  pinit                                                              


GLOBAL SYMBOLS: SORTED BY Symbol Address 

page  address   name                                                               
----  -------   ----                                                               
0     00008000  _InitFlash                                                         
0     00008000  _RamfuncsRunStart                                                  
0     0000801b  _DSP28x_usDelay                                                    
0     00300000  .text                                                              
0     00300000  ___text__                                                          
0     00300000  _init_i2c                                                          
0     00300033  _reset_i2c                                                         
0     0030003b  _G6A_Einstiegsaufgabe_Informationstechnik1_SetEventsForThisBaseStep
0     0030005c  _G6A_Einstiegsa_NEGATIVEEdge                                       
0     0030006d  _G6A_Einstiegsa_POSITIVEEdge                                       
0     0030007e  _G6A_Einstie_MATLABFunction1                                       
0     0030008f  _G6A_Einstiegsaufgabe_Informationstechnik1_step0                   
0     0030026c  _G6A_Einstiegsaufgabe_Informationstechnik1_step1                   
0     00300351  _G6A_Einstiegsaufgabe_Informationstechnik1_initialize              
0     003003e1  _G6A_Einstiegsaufgabe_Informationstechnik1_terminate               
0     003003e2  _INT13_ISR                                                         
0     003003ec  _INT14_ISR                                                         
0     003003f6  _DATALOG_ISR                                                       
0     00300400  _RTOSINT_ISR                                                       
0     0030040a  _EMUINT_ISR                                                        
0     00300414  _NMI_ISR                                                           
0     0030041e  _ILLEGAL_ISR                                                       
0     00300428  _USER1_ISR                                                         
0     00300432  _USER2_ISR                                                         
0     0030043c  _USER3_ISR                                                         
0     00300446  _USER4_ISR                                                         
0     00300450  _USER5_ISR                                                         
0     0030045a  _USER6_ISR                                                         
0     00300464  _USER7_ISR                                                         
0     0030046e  _USER8_ISR                                                         
0     00300478  _USER9_ISR                                                         
0     00300482  _USER10_ISR                                                        
0     0030048c  _USER11_ISR                                                        
0     00300496  _USER12_ISR                                                        
0     003004a0  _SEQ1INT_ISR                                                       
0     003004aa  _SEQ2INT_ISR                                                       
0     003004b4  _XINT1_ISR                                                         
0     003004be  _XINT2_ISR                                                         
0     003004c8  _ADCINT_ISR                                                        
0     003004d2  _TINT0_ISR                                                         
0     003004dc  _WAKEINT_ISR                                                       
0     003004e6  _EPWM1_TZINT_ISR                                                   
0     003004f0  _EPWM2_TZINT_ISR                                                   
0     003004fa  _EPWM3_TZINT_ISR                                                   
0     00300504  _EPWM4_TZINT_ISR                                                   
0     0030050e  _EPWM5_TZINT_ISR                                                   
0     00300518  _EPWM6_TZINT_ISR                                                   
0     00300522  _EPWM1_INT_ISR                                                     
0     0030052c  _EPWM2_INT_ISR                                                     
0     00300536  _EPWM3_INT_ISR                                                     
0     00300540  _EPWM4_INT_ISR                                                     
0     0030054a  _EPWM5_INT_ISR                                                     
0     00300554  _EPWM6_INT_ISR                                                     
0     0030055e  _ECAP1_INT_ISR                                                     
0     00300568  _ECAP2_INT_ISR                                                     
0     00300572  _ECAP3_INT_ISR                                                     
0     0030057c  _ECAP4_INT_ISR                                                     
0     00300586  _ECAP5_INT_ISR                                                     
0     00300590  _ECAP6_INT_ISR                                                     
0     0030059a  _EQEP1_INT_ISR                                                     
0     003005a4  _EQEP2_INT_ISR                                                     
0     003005ae  _SPIRXINTA_ISR                                                     
0     003005b8  _SPITXINTA_ISR                                                     
0     003005c2  _MRINTB_ISR                                                        
0     003005cc  _MXINTB_ISR                                                        
0     003005d6  _MRINTA_ISR                                                        
0     003005e0  _MXINTA_ISR                                                        
0     003005ea  _DINTCH1_ISR                                                       
0     003005f4  _DINTCH2_ISR                                                       
0     003005fe  _DINTCH3_ISR                                                       
0     00300608  _DINTCH4_ISR                                                       
0     00300612  _DINTCH5_ISR                                                       
0     0030061c  _DINTCH6_ISR                                                       
0     00300626  _I2CINT1A_ISR                                                      
0     00300630  _I2CINT2A_ISR                                                      
0     0030063a  _SCIRXINTC_ISR                                                     
0     00300644  _SCITXINTC_ISR                                                     
0     0030064e  _SCIRXINTA_ISR                                                     
0     00300658  _SCITXINTA_ISR                                                     
0     00300662  _SCIRXINTB_ISR                                                     
0     0030066c  _SCITXINTB_ISR                                                     
0     00300676  _ECAN0INTA_ISR                                                     
0     00300680  _ECAN1INTA_ISR                                                     
0     0030068a  _ECAN0INTB_ISR                                                     
0     00300694  _ECAN1INTB_ISR                                                     
0     0030069e  _XINT3_ISR                                                         
0     003006a8  _XINT4_ISR                                                         
0     003006b2  _XINT5_ISR                                                         
0     003006bc  _XINT6_ISR                                                         
0     003006c6  _XINT7_ISR                                                         
0     003006d0  _LVF_ISR                                                           
0     003006da  _LUF_ISR                                                           
0     003006e4  _PIE_RESERVED                                                      
0     003006ee  _rsvd_ISR                                                          
0     003006f8  _InitSysCtrl                                                       
0     00300701  _ServiceDog                                                        
0     0030070b  _DisableDog                                                        
0     00300713  _InitPll                                                           
0     00300764  _InitPeripheralClocks                                              
0     003007bf  _CsmUnlock                                                         
0     003007f0  _rt_OneStep                                                        
0     00300825  _main                                                              
0     00300870  _init_board                                                        
0     003008ce  _InitXintf16Gpio                                                   
0     003008ed  _InitCpuTimers                                                     
0     0030092e  _ConfigCpuTimer                                                    
0     00300968  _c_int00                                                           
0     003009be  _TINT0_isr                                                         
0     00300a02  _configureTimer0                                                   
0     00300a29  _enableTimer0Interrupt                                             
0     00300a31  _disableTimer0Interrupt                                            
0     00300a3f  _config_ADC_A                                                      
0     00300a6d  C$$EXIT                                                            
0     00300a6d  _abort                                                             
0     00300a6f  _exit                                                              
0     00300a96  _InitPieCtrl                                                       
0     00300ab5  _EnableInterrupts                                                  
0     00300abe  _copy_in                                                           
0     00300ae2  _InitPieVectTable                                                  
0     00300b02  _memcpy                                                            
0     00300b20  __args_main                                                        
0     00300b39  _globalInterruptEnable                                             
0     00300b3d  _globalInterruptDisable                                            
0     00300b40  _c2000_flash_init                                                  
0     00300b4f  _InitAdc                                                           
0     00300b63  _config_ePWM_GPIO                                                  
0     00300b6d  __register_unlock                                                  
0     00300b71  __register_lock                                                    
0     00300b75  __nop                                                              
0     00300b7e  __system_pre_init                                                  
0     00300b80  __system_post_cinit                                                
0     00300b81  _RamfuncsLoadStart                                                 
0     00300b81  ___etext__                                                         
0     00300b81  etext                                                              
0     00300ba0  _PieVectTableInit                                                  
0     00300ba0  _RamfuncsLoadEnd                                                   
0     00300ca0  _G6A_Einstiegsaufgabe_Informa_M                                    
0     00300ca2  ___cinit__                                                         
0     00300ca2  cinit                                                              
0     0033fff6  code_start                                                         
0     00380080  _ADC_cal                                                           
1     00000400  __stack                                                            
1     00000600  __STACK_END                                                        
1     00000880  _DevEmuRegs                                                        
1     00000a80  _FlashRegs                                                         
1     00000ae0  _CsmRegs                                                           
1     00000b00  _AdcMirror                                                         
1     00000b20  _XintfRegs                                                         
1     00000c00  _CpuTimer0Regs                                                     
1     00000c08  _CpuTimer1Regs                                                     
1     00000c10  _CpuTimer2Regs                                                     
1     00000ce0  _PieCtrlRegs                                                       
1     00000d00  _PieVectTable                                                      
1     00001000  _DmaRegs                                                           
1     00005000  _McbspaRegs                                                        
1     00005040  _McbspbRegs                                                        
1     00006000  _ECanaRegs                                                         
1     00006040  _ECanaLAMRegs                                                      
1     00006080  _ECanaMOTSRegs                                                     
1     000060c0  _ECanaMOTORegs                                                     
1     00006100  _ECanaMboxes                                                       
1     00006200  _ECanbRegs                                                         
1     00006240  _ECanbLAMRegs                                                      
1     00006280  _ECanbMOTSRegs                                                     
1     000062c0  _ECanbMOTORegs                                                     
1     00006300  _ECanbMboxes                                                       
1     00006800  _EPwm1Regs                                                         
1     00006840  _EPwm2Regs                                                         
1     00006880  _EPwm3Regs                                                         
1     000068c0  _EPwm4Regs                                                         
1     00006900  _EPwm5Regs                                                         
1     00006940  _EPwm6Regs                                                         
1     00006a00  _ECap1Regs                                                         
1     00006a20  _ECap2Regs                                                         
1     00006a40  _ECap3Regs                                                         
1     00006a60  _ECap4Regs                                                         
1     00006a80  _ECap5Regs                                                         
1     00006aa0  _ECap6Regs                                                         
1     00006b00  _EQep1Regs                                                         
1     00006b40  _EQep2Regs                                                         
1     00006f80  _GpioCtrlRegs                                                      
1     00006fc0  _GpioDataRegs                                                      
1     00006fe0  _GpioIntRegs                                                       
1     00007010  _SysCtrlRegs                                                       
1     00007040  _SpiaRegs                                                          
1     00007050  _SciaRegs                                                          
1     00007070  _XIntruptRegs                                                      
1     00007100  _AdcRegs                                                           
1     00007750  _ScibRegs                                                          
1     00007770  _ScicRegs                                                          
1     00007900  _I2caRegs                                                          
1     0000c000  .bss                                                               
1     0000c000  .data                                                              
1     0000c000  _G6A_Einstiegsaufgabe_Informat_P                                   
1     0000c000  ___bss__                                                           
1     0000c000  ___data__                                                          
1     0000c000  ___edata__                                                         
1     0000c000  ___end__                                                           
1     0000c000  edata                                                              
1     0000c000  end                                                                
1     0000c034  _stopRequested                                                     
1     0000c035  _IsrOverrun                                                        
1     0000c036  _need2runFlags                                                     
1     0000c038  _isRateRunning                                                     
1     0000c03a  ___TI_enable_exit_profile_output                                   
1     0000c03c  ___TI_cleanup_ptr                                                  
1     0000c03e  ___TI_dtors_ptr                                                    
1     0000c042  _G6A_Einstiegsaufgabe_Informa_M_                                   
1     0000c048  _G6A_Einstiegsaufgabe_Info_DWork                                   
1     0000c056  _G6A_Einstiegsaufgabe_Informat_B                                   
1     0000c06a  __lock                                                             
1     0000c06c  __unlock                                                           
1     0000c080  _CpuTimer1                                                         
1     0000c088  _CpuTimer2                                                         
1     0000c090  _CpuTimer0                                                         
1     0033fff8  _CsmPwl                                                            
abs   00000200  __STACK_SIZE                                                       
abs   ffffffff  ___TI_pprof_out_hndl                                               
abs   ffffffff  ___TI_prof_data_size                                               
abs   ffffffff  ___TI_prof_data_start                                              
abs   ffffffff  ___binit__                                                         
abs   ffffffff  ___c_args__                                                        
abs   ffffffff  ___pinit__                                                         
abs   ffffffff  binit                                                              
abs   ffffffff  pinit                                                              

[225 symbols]
