******************************************************************************
             TMS320C2000 Linker PC v16.9.2                     
******************************************************************************
>> Linked Mon Nov 11 17:50:37 2019

OUTPUT FILE NAME:   <../G6A_Einstiegsaufgabe_Informationstechnik.out>
ENTRY POINT SYMBOL: "_c_int00"  address: 00300b69


MEMORY CONFIGURATION

         name            origin    length      used     unused   attr    fill
----------------------  --------  ---------  --------  --------  ----  --------
PAGE 0:
  BEGINRAM              00000000   00000002  00000000  00000002  RWIX
  RAMM0                 00000002   000003fe  00000000  000003fe  RWIX
  RAML0L3               00008000   00004000  0000001f  00003fe1  RWIX
  ZONE7P                00200000   00010000  00000000  00010000  RWIX
  FLASH                 00300000   0003fff6  00000f30  0003f0c6  RWIX
  BEGINFLASH            0033fff6   00000002  00000002  00000000  RWIX
  ADC_CAL               00380080   00000009  00000007  00000002  RWIX
  OTP                   00380400   00000400  00000000  00000400  RWIX
  CSM_PWL               003f7ff8   00000008  00000000  00000008  RWIX
  IQTABLES              003fe000   00000b50  00000000  00000b50  RWIX
  IQTABLES2             003feb50   0000008c  00000000  0000008c  RWIX
  FPUTABLES             003febdc   000006a0  00000000  000006a0  RWIX
  ROM                   003ff27c   00000d44  00000000  00000d44  RWIX
  RESET                 003fffc0   00000002  00000000  00000002  RWIX
  VECTORS               003fffc2   0000003e  00000000  0000003e  RWIX

PAGE 1:
  RAMM1                 00000400   00000400  00000200  00000200  RWIX
  DEV_EMU               00000880   00000180  000000d0  000000b0  RWIX
  FLASH_REGS            00000a80   00000060  00000008  00000058  RWIX
  CSM                   00000ae0   00000010  00000010  00000000  RWIX
  ADC_MIRROR            00000b00   00000010  00000010  00000000  RWIX
  XINTF                 00000b20   00000020  0000001e  00000002  RWIX
  CPU_TIMER0            00000c00   00000008  00000008  00000000  RWIX
  CPU_TIMER1            00000c08   00000008  00000008  00000000  RWIX
  CPU_TIMER2            00000c10   00000008  00000008  00000000  RWIX
  PIE_CTRL              00000ce0   00000020  0000001a  00000006  RWIX
  PIE_VECT              00000d00   00000100  00000100  00000000  RWIX
  DMA                   00001000   00000200  000000e0  00000120  RWIX
  MCBSPA                00005000   00000040  00000025  0000001b  RWIX
  MCBSPB                00005040   00000040  00000025  0000001b  RWIX
  ECANA                 00006000   00000040  00000034  0000000c  RWIX
  ECANA_LAM             00006040   00000040  00000040  00000000  RWIX
  ECANA_MOTS            00006080   00000040  00000040  00000000  RWIX
  ECANA_MOTO            000060c0   00000040  00000040  00000000  RWIX
  ECANA_MBOX            00006100   00000100  00000100  00000000  RWIX
  ECANB                 00006200   00000040  00000034  0000000c  RWIX
  ECANB_LAM             00006240   00000040  00000040  00000000  RWIX
  ECANB_MOTS            00006280   00000040  00000040  00000000  RWIX
  ECANB_MOTO            000062c0   00000040  00000040  00000000  RWIX
  ECANB_MBOX            00006300   00000100  00000100  00000000  RWIX
  EPWM1                 00006800   00000022  00000022  00000000  RWIX
  EPWM2                 00006840   00000022  00000022  00000000  RWIX
  EPWM3                 00006880   00000022  00000022  00000000  RWIX
  EPWM4                 000068c0   00000022  00000022  00000000  RWIX
  EPWM5                 00006900   00000022  00000022  00000000  RWIX
  EPWM6                 00006940   00000022  00000022  00000000  RWIX
  ECAP1                 00006a00   00000020  00000020  00000000  RWIX
  ECAP2                 00006a20   00000020  00000020  00000000  RWIX
  ECAP3                 00006a40   00000020  00000020  00000000  RWIX
  ECAP4                 00006a60   00000020  00000020  00000000  RWIX
  ECAP5                 00006a80   00000020  00000020  00000000  RWIX
  ECAP6                 00006aa0   00000020  00000020  00000000  RWIX
  EQEP1                 00006b00   00000040  00000040  00000000  RWIX
  EQEP2                 00006b40   00000040  00000040  00000000  RWIX
  GPIOCTRL              00006f80   00000040  0000002e  00000012  RWIX
  GPIODAT               00006fc0   00000020  00000020  00000000  RWIX
  GPIOINT               00006fe0   00000020  0000000a  00000016  RWIX
  SYSTEM                00007010   00000020  00000020  00000000  RWIX
  SPIA                  00007040   00000010  00000010  00000000  RWIX
  SCIA                  00007050   00000010  00000010  00000000  RWIX
  XINTRUPT              00007070   00000010  00000010  00000000  RWIX
  ADC                   00007100   00000020  0000001e  00000002  RWIX
  SCIB                  00007750   00000010  00000010  00000000  RWIX
  SCIC                  00007770   00000010  00000010  00000000  RWIX
  I2CA                  00007900   00000040  00000022  0000001e  RWIX
  RAML4L7               0000c000   00004000  0000009e  00003f62  RWIX
  ZONE7D                00210000   00010000  00000000  00010000  RWIX
  CSM_PWL               0033fff8   00000008  00000008  00000000  RWIX


SECTION ALLOCATION MAP

 output                                  attributes/
section   page    origin      length       input sections
--------  ----  ----------  ----------   ----------------
.text      0    00300000    00000d82     
                  00300000    0000059b     G6A_Einstiegsaufgabe_Informationstechnik.obj (.text)
                  0030059b    00000316     DSP2833x_DefaultIsr.obj (.text:retain)
                  003008b1    000000f8     DSP2833x_SysCtrl.obj (.text)
                  003009a9    000000c8     ert_main.obj (.text)
                  00300a71    0000007d     MW_c28xx_board.obj (.text)
                  00300aee    0000007b     DSP2833x_CpuTimers.obj (.text)
                  00300b69    00000056     rts2800_fpu32.lib : boot28.obj (.text)
                  00300bbf    00000044     c2833xSchedulerTimer0.obj (.text:retain)
                  00300c03    0000003d     c2833xSchedulerTimer0.obj (.text)
                  00300c40    0000002e     MW_c28xx_adc.obj (.text)
                  00300c6e    00000029     rts2800_fpu32.lib : exit.obj (.text)
                  00300c97    00000028     DSP2833x_PieCtrl.obj (.text)
                  00300cbf    00000024     rts2800_fpu32.lib : cpy_tbl.obj (.text)
                  00300ce3    00000020     DSP2833x_PieVect.obj (.text)
                  00300d03    0000001e     rts2800_fpu32.lib : memcpy.obj (.text)
                  00300d21    00000019                       : args_main.obj (.text)
                  00300d3a    00000016     c2833xBoard_Realtime_Support.obj (.text)
                  00300d50    00000014     DSP2833x_Adc.obj (.text)
                  00300d64    0000000a     MW_c28xx_pwm.obj (.text)
                  00300d6e    00000009     rts2800_fpu32.lib : _lock.obj (.text)
                  00300d77    00000008     DSP2833x_CodeStartBranch.obj (.text)
                  00300d7f    00000002     rts2800_fpu32.lib : pre_init.obj (.text)
                  00300d81    00000001                       : startup.obj (.text)

ramfuncs   0    00300d82    0000001f     RUN ADDR = 00008000
                  00300d82    0000001b     DSP2833x_SysCtrl.obj (ramfuncs)
                  00300d9d    00000004     DSP2833x_usDelay.obj (ramfuncs)

.econst    0    00300da2    00000102     
                  00300da2    00000100     DSP2833x_PieVect.obj (.econst:_PieVectTableInit)
                  00300ea2    00000002     G6A_Einstiegsaufgabe_Informationstechnik.obj (.econst)

.cinit     0    00300ea4    00000073     
                  00300ea4    00000041     G6A_Einstiegsaufgabe_Informationstechnik_data.obj (.cinit)
                  00300ee5    00000014     ert_main.obj (.cinit)
                  00300ef9    0000000e     rts2800_fpu32.lib : exit.obj (.cinit)
                  00300f07    00000005                       : _lock.obj (.cinit:__lock)
                  00300f0c    00000005                       : _lock.obj (.cinit:__unlock)
                  00300f11    00000004     G6A_Einstiegsaufgabe_Informationstechnik.obj (.cinit)
                  00300f15    00000002     --HOLE-- [fill = 0]

.switch    0    00300f18    0000001a     
                  00300f18    0000001a     G6A_Einstiegsaufgabe_Informationstechnik.obj (.switch:_G6A_Einstiegsaufgabe_Informationstechnik_step1)

codestart 
*          0    0033fff6    00000002     
                  0033fff6    00000002     DSP2833x_CodeStartBranch.obj (codestart)

.adc_cal   0    00380080    00000007     NOLOAD SECTION
                  00380080    00000007     DSP2833x_ADC_cal.obj (.adc_cal)

.stack     1    00000400    00000200     UNINITIALIZED
                  00000400    00000200     --HOLE--

DevEmuRegsFile 
*          1    00000880    000000d0     UNINITIALIZED
                  00000880    000000d0     DSP2833x_GlobalVariableDefs.obj (DevEmuRegsFile)

FlashRegsFile 
*          1    00000a80    00000008     UNINITIALIZED
                  00000a80    00000008     DSP2833x_GlobalVariableDefs.obj (FlashRegsFile)

CsmRegsFile 
*          1    00000ae0    00000010     UNINITIALIZED
                  00000ae0    00000010     DSP2833x_GlobalVariableDefs.obj (CsmRegsFile)

AdcMirrorFile 
*          1    00000b00    00000010     UNINITIALIZED
                  00000b00    00000010     DSP2833x_GlobalVariableDefs.obj (AdcMirrorFile)

XintfRegsFile 
*          1    00000b20    0000001e     UNINITIALIZED
                  00000b20    0000001e     DSP2833x_GlobalVariableDefs.obj (XintfRegsFile)

CpuTimer0RegsFile 
*          1    00000c00    00000008     UNINITIALIZED
                  00000c00    00000008     DSP2833x_GlobalVariableDefs.obj (CpuTimer0RegsFile)

CpuTimer1RegsFile 
*          1    00000c08    00000008     UNINITIALIZED
                  00000c08    00000008     DSP2833x_GlobalVariableDefs.obj (CpuTimer1RegsFile)

CpuTimer2RegsFile 
*          1    00000c10    00000008     UNINITIALIZED
                  00000c10    00000008     DSP2833x_GlobalVariableDefs.obj (CpuTimer2RegsFile)

PieCtrlRegsFile 
*          1    00000ce0    0000001a     UNINITIALIZED
                  00000ce0    0000001a     DSP2833x_GlobalVariableDefs.obj (PieCtrlRegsFile)

PieVectTableFile 
*          1    00000d00    00000100     UNINITIALIZED
                  00000d00    00000100     DSP2833x_GlobalVariableDefs.obj (PieVectTableFile)

DmaRegsFile 
*          1    00001000    000000e0     UNINITIALIZED
                  00001000    000000e0     DSP2833x_GlobalVariableDefs.obj (DmaRegsFile)

McbspaRegsFile 
*          1    00005000    00000025     UNINITIALIZED
                  00005000    00000025     DSP2833x_GlobalVariableDefs.obj (McbspaRegsFile)

McbspbRegsFile 
*          1    00005040    00000025     UNINITIALIZED
                  00005040    00000025     DSP2833x_GlobalVariableDefs.obj (McbspbRegsFile)

ECanaRegsFile 
*          1    00006000    00000034     UNINITIALIZED
                  00006000    00000034     DSP2833x_GlobalVariableDefs.obj (ECanaRegsFile)

ECanaLAMRegsFile 
*          1    00006040    00000040     UNINITIALIZED
                  00006040    00000040     DSP2833x_GlobalVariableDefs.obj (ECanaLAMRegsFile)

ECanaMOTSRegsFile 
*          1    00006080    00000040     UNINITIALIZED
                  00006080    00000040     DSP2833x_GlobalVariableDefs.obj (ECanaMOTSRegsFile)

ECanaMOTORegsFile 
*          1    000060c0    00000040     UNINITIALIZED
                  000060c0    00000040     DSP2833x_GlobalVariableDefs.obj (ECanaMOTORegsFile)

ECanaMboxesFile 
*          1    00006100    00000100     UNINITIALIZED
                  00006100    00000100     DSP2833x_GlobalVariableDefs.obj (ECanaMboxesFile)

ECanbRegsFile 
*          1    00006200    00000034     UNINITIALIZED
                  00006200    00000034     DSP2833x_GlobalVariableDefs.obj (ECanbRegsFile)

ECanbLAMRegsFile 
*          1    00006240    00000040     UNINITIALIZED
                  00006240    00000040     DSP2833x_GlobalVariableDefs.obj (ECanbLAMRegsFile)

ECanbMOTSRegsFile 
*          1    00006280    00000040     UNINITIALIZED
                  00006280    00000040     DSP2833x_GlobalVariableDefs.obj (ECanbMOTSRegsFile)

ECanbMOTORegsFile 
*          1    000062c0    00000040     UNINITIALIZED
                  000062c0    00000040     DSP2833x_GlobalVariableDefs.obj (ECanbMOTORegsFile)

ECanbMboxesFile 
*          1    00006300    00000100     UNINITIALIZED
                  00006300    00000100     DSP2833x_GlobalVariableDefs.obj (ECanbMboxesFile)

EPwm1RegsFile 
*          1    00006800    00000022     UNINITIALIZED
                  00006800    00000022     DSP2833x_GlobalVariableDefs.obj (EPwm1RegsFile)

EPwm2RegsFile 
*          1    00006840    00000022     UNINITIALIZED
                  00006840    00000022     DSP2833x_GlobalVariableDefs.obj (EPwm2RegsFile)

EPwm3RegsFile 
*          1    00006880    00000022     UNINITIALIZED
                  00006880    00000022     DSP2833x_GlobalVariableDefs.obj (EPwm3RegsFile)

EPwm4RegsFile 
*          1    000068c0    00000022     UNINITIALIZED
                  000068c0    00000022     DSP2833x_GlobalVariableDefs.obj (EPwm4RegsFile)

EPwm5RegsFile 
*          1    00006900    00000022     UNINITIALIZED
                  00006900    00000022     DSP2833x_GlobalVariableDefs.obj (EPwm5RegsFile)

EPwm6RegsFile 
*          1    00006940    00000022     UNINITIALIZED
                  00006940    00000022     DSP2833x_GlobalVariableDefs.obj (EPwm6RegsFile)

ECap1RegsFile 
*          1    00006a00    00000020     UNINITIALIZED
                  00006a00    00000020     DSP2833x_GlobalVariableDefs.obj (ECap1RegsFile)

ECap2RegsFile 
*          1    00006a20    00000020     UNINITIALIZED
                  00006a20    00000020     DSP2833x_GlobalVariableDefs.obj (ECap2RegsFile)

ECap3RegsFile 
*          1    00006a40    00000020     UNINITIALIZED
                  00006a40    00000020     DSP2833x_GlobalVariableDefs.obj (ECap3RegsFile)

ECap4RegsFile 
*          1    00006a60    00000020     UNINITIALIZED
                  00006a60    00000020     DSP2833x_GlobalVariableDefs.obj (ECap4RegsFile)

ECap5RegsFile 
*          1    00006a80    00000020     UNINITIALIZED
                  00006a80    00000020     DSP2833x_GlobalVariableDefs.obj (ECap5RegsFile)

ECap6RegsFile 
*          1    00006aa0    00000020     UNINITIALIZED
                  00006aa0    00000020     DSP2833x_GlobalVariableDefs.obj (ECap6RegsFile)

EQep1RegsFile 
*          1    00006b00    00000040     UNINITIALIZED
                  00006b00    00000040     DSP2833x_GlobalVariableDefs.obj (EQep1RegsFile)

EQep2RegsFile 
*          1    00006b40    00000040     UNINITIALIZED
                  00006b40    00000040     DSP2833x_GlobalVariableDefs.obj (EQep2RegsFile)

GpioCtrlRegsFile 
*          1    00006f80    0000002e     UNINITIALIZED
                  00006f80    0000002e     DSP2833x_GlobalVariableDefs.obj (GpioCtrlRegsFile)

GpioDataRegsFile 
*          1    00006fc0    00000020     UNINITIALIZED
                  00006fc0    00000020     DSP2833x_GlobalVariableDefs.obj (GpioDataRegsFile)

GpioIntRegsFile 
*          1    00006fe0    0000000a     UNINITIALIZED
                  00006fe0    0000000a     DSP2833x_GlobalVariableDefs.obj (GpioIntRegsFile)

SysCtrlRegsFile 
*          1    00007010    00000020     UNINITIALIZED
                  00007010    00000020     DSP2833x_GlobalVariableDefs.obj (SysCtrlRegsFile)

SpiaRegsFile 
*          1    00007040    00000010     UNINITIALIZED
                  00007040    00000010     DSP2833x_GlobalVariableDefs.obj (SpiaRegsFile)

SciaRegsFile 
*          1    00007050    00000010     UNINITIALIZED
                  00007050    00000010     DSP2833x_GlobalVariableDefs.obj (SciaRegsFile)

XIntruptRegsFile 
*          1    00007070    00000010     UNINITIALIZED
                  00007070    00000010     DSP2833x_GlobalVariableDefs.obj (XIntruptRegsFile)

AdcRegsFile 
*          1    00007100    0000001e     UNINITIALIZED
                  00007100    0000001e     DSP2833x_GlobalVariableDefs.obj (AdcRegsFile)

ScibRegsFile 
*          1    00007750    00000010     UNINITIALIZED
                  00007750    00000010     DSP2833x_GlobalVariableDefs.obj (ScibRegsFile)

ScicRegsFile 
*          1    00007770    00000010     UNINITIALIZED
                  00007770    00000010     DSP2833x_GlobalVariableDefs.obj (ScicRegsFile)

I2caRegsFile 
*          1    00007900    00000022     UNINITIALIZED
                  00007900    00000022     DSP2833x_GlobalVariableDefs.obj (I2caRegsFile)

.bss       1    0000c000    00000000     UNINITIALIZED

.ebss      1    0000c000    0000009e     UNINITIALIZED
                  0000c000    0000003e     G6A_Einstiegsaufgabe_Informationstechnik_data.obj (.ebss)
                  0000c03e    00000002     rts2800_fpu32.lib : _lock.obj (.ebss:__lock)
                  0000c040    00000034     G6A_Einstiegsaufgabe_Informationstechnik.obj (.ebss)
                  0000c074    00000008     ert_main.obj (.ebss)
                  0000c07c    00000002     rts2800_fpu32.lib : _lock.obj (.ebss:__unlock)
                  0000c07e    00000002     --HOLE--
                  0000c080    00000018     DSP2833x_CpuTimers.obj (.ebss)
                  0000c098    00000006     rts2800_fpu32.lib : exit.obj (.ebss)

.data      1    0000c000    00000000     UNINITIALIZED

CsmPwlFile 
*          1    0033fff8    00000008     UNINITIALIZED
                  0033fff8    00000008     DSP2833x_GlobalVariableDefs.obj (CsmPwlFile)

.pinit     0    00300000    00000000     UNINITIALIZED

.reset     0    003fffc0    00000002     DSECT
                  003fffc0    00000002     rts2800_fpu32.lib : boot28.obj (.reset)

MODULE SUMMARY

       Module                                              code   initialized data   uninitialized data
       ------                                              ----   ----------------   ------------------
    <current directory>
       DSP2833x_GlobalVariableDefs.obj                     0      0                  2678              
       G6A_Einstiegsaufgabe_Informationstechnik.obj        1435   32                 52                
       DSP2833x_DefaultIsr.obj                             790    0                  0                 
       DSP2833x_SysCtrl.obj                                302    0                  0                 
       DSP2833x_PieVect.obj                                32     256                0                 
       ert_main.obj                                        200    20                 8                 
       DSP2833x_CpuTimers.obj                              123    0                  24                
       c2833xSchedulerTimer0.obj                           129    0                  0                 
       G6A_Einstiegsaufgabe_Informationstechnik_data.obj   0      65                 62                
       MW_c28xx_board.obj                                  125    0                  0                 
       MW_c28xx_adc.obj                                    46     0                  0                 
       DSP2833x_PieCtrl.obj                                40     0                  0                 
       c2833xBoard_Realtime_Support.obj                    22     0                  0                 
       DSP2833x_Adc.obj                                    20     0                  0                 
       DSP2833x_CodeStartBranch.obj                        10     0                  0                 
       MW_c28xx_pwm.obj                                    10     0                  0                 
       DSP2833x_usDelay.obj                                8      0                  0                 
       DSP2833x_ADC_cal.obj                                7      0                  0                 
    +--+---------------------------------------------------+------+------------------+--------------------+
       Total:                                              3299   373                2824              
                                                                                                       
    C:/PROGRA~3/MATLAB/SUPPOR~1/R2018b/3P778C~1.INS/TIC200~1.INS/TI-CGT~1.LTS/lib/rts2800_fpu32.lib
       boot28.obj                                          86     0                  0                 
       exit.obj                                            41     14                 6                 
       cpy_tbl.obj                                         36     0                  0                 
       memcpy.obj                                          30     0                  0                 
       args_main.obj                                       25     0                  0                 
       _lock.obj                                           9      10                 4                 
       pre_init.obj                                        2      0                  0                 
       startup.obj                                         1      0                  0                 
    +--+---------------------------------------------------+------+------------------+--------------------+
       Total:                                              230    24                 10                
                                                                                                       
       Stack:                                              0      0                  512               
    +--+---------------------------------------------------+------+------------------+--------------------+
       Grand Total:                                        3529   397                3346              


GLOBAL DATA SYMBOLS: SORTED BY DATA PAGE

address     data page           name
--------    ----------------    ----
00000400      10 (00000400)     __stack

00000880      22 (00000880)     _DevEmuRegs

00000a80      2a (00000a80)     _FlashRegs

00000ae0      2b (00000ac0)     _CsmRegs

00000b00      2c (00000b00)     _AdcMirror
00000b20      2c (00000b00)     _XintfRegs

00000c00      30 (00000c00)     _CpuTimer0Regs
00000c08      30 (00000c00)     _CpuTimer1Regs
00000c10      30 (00000c00)     _CpuTimer2Regs

00000ce0      33 (00000cc0)     _PieCtrlRegs

00000d00      34 (00000d00)     _PieVectTable

00001000      40 (00001000)     _DmaRegs

00005000     140 (00005000)     _McbspaRegs

00005040     141 (00005040)     _McbspbRegs

00006000     180 (00006000)     _ECanaRegs

00006040     181 (00006040)     _ECanaLAMRegs

00006080     182 (00006080)     _ECanaMOTSRegs

000060c0     183 (000060c0)     _ECanaMOTORegs

00006100     184 (00006100)     _ECanaMboxes

00006200     188 (00006200)     _ECanbRegs

00006240     189 (00006240)     _ECanbLAMRegs

00006280     18a (00006280)     _ECanbMOTSRegs

000062c0     18b (000062c0)     _ECanbMOTORegs

00006300     18c (00006300)     _ECanbMboxes

00006800     1a0 (00006800)     _EPwm1Regs

00006840     1a1 (00006840)     _EPwm2Regs

00006880     1a2 (00006880)     _EPwm3Regs

000068c0     1a3 (000068c0)     _EPwm4Regs

00006900     1a4 (00006900)     _EPwm5Regs

00006940     1a5 (00006940)     _EPwm6Regs

00006a00     1a8 (00006a00)     _ECap1Regs
00006a20     1a8 (00006a00)     _ECap2Regs

00006a40     1a9 (00006a40)     _ECap3Regs
00006a60     1a9 (00006a40)     _ECap4Regs

00006a80     1aa (00006a80)     _ECap5Regs
00006aa0     1aa (00006a80)     _ECap6Regs

00006b00     1ac (00006b00)     _EQep1Regs

00006b40     1ad (00006b40)     _EQep2Regs

00006f80     1be (00006f80)     _GpioCtrlRegs

00006fc0     1bf (00006fc0)     _GpioDataRegs
00006fe0     1bf (00006fc0)     _GpioIntRegs

00007010     1c0 (00007000)     _SysCtrlRegs

00007040     1c1 (00007040)     _SpiaRegs
00007050     1c1 (00007040)     _SciaRegs
00007070     1c1 (00007040)     _XIntruptRegs

00007100     1c4 (00007100)     _AdcRegs

00007750     1dd (00007740)     _ScibRegs
00007770     1dd (00007740)     _ScicRegs

00007900     1e4 (00007900)     _I2caRegs

0000c000     300 (0000c000)     _G6A_Einstiegsaufgabe_Informat_P
0000c03e     300 (0000c000)     __lock

0000c042     301 (0000c040)     _G6A_Einstiegsaufgabe_Informa_M_
0000c04a     301 (0000c040)     _G6A_Einstiegsaufgabe_Info_DWork
0000c05c     301 (0000c040)     _G6A_Einstiegsaufgabe_Informat_B
0000c074     301 (0000c040)     _stopRequested
0000c075     301 (0000c040)     _IsrOverrun
0000c076     301 (0000c040)     _isRateRunning
0000c079     301 (0000c040)     _need2runFlags
0000c07c     301 (0000c040)     __unlock

0000c080     302 (0000c080)     _CpuTimer1
0000c088     302 (0000c080)     _CpuTimer2
0000c090     302 (0000c080)     _CpuTimer0
0000c098     302 (0000c080)     ___TI_enable_exit_profile_output
0000c09a     302 (0000c080)     ___TI_cleanup_ptr
0000c09c     302 (0000c080)     ___TI_dtors_ptr

00300da2    c036 (00300d80)     _PieVectTableInit

00300ea2    c03a (00300e80)     _G6A_Einstiegsaufgabe_Informa_M

0033fff8    cfff (0033ffc0)     _CsmPwl


GLOBAL SYMBOLS: SORTED ALPHABETICALLY BY Name 

page  address   name                                                              
----  -------   ----                                                              
1     0000c000  .bss                                                              
1     0000c000  .data                                                             
0     00300000  .text                                                             
0     00300c6e  C$$EXIT                                                           
0     00300681  _ADCINT_ISR                                                       
0     00380080  _ADC_cal                                                          
1     00000b00  _AdcMirror                                                        
1     00007100  _AdcRegs                                                          
0     00300b2f  _ConfigCpuTimer                                                   
1     0000c090  _CpuTimer0                                                        
1     00000c00  _CpuTimer0Regs                                                    
1     0000c080  _CpuTimer1                                                        
1     00000c08  _CpuTimer1Regs                                                    
1     0000c088  _CpuTimer2                                                        
1     00000c10  _CpuTimer2Regs                                                    
1     0033fff8  _CsmPwl                                                           
1     00000ae0  _CsmRegs                                                          
0     00300978  _CsmUnlock                                                        
0     003005af  _DATALOG_ISR                                                      
0     003007a3  _DINTCH1_ISR                                                      
0     003007ad  _DINTCH2_ISR                                                      
0     003007b7  _DINTCH3_ISR                                                      
0     003007c1  _DINTCH4_ISR                                                      
0     003007cb  _DINTCH5_ISR                                                      
0     003007d5  _DINTCH6_ISR                                                      
0     0000801b  _DSP28x_usDelay                                                   
1     00000880  _DevEmuRegs                                                       
0     003008c4  _DisableDog                                                       
1     00001000  _DmaRegs                                                          
0     0030082f  _ECAN0INTA_ISR                                                    
0     00300843  _ECAN0INTB_ISR                                                    
0     00300839  _ECAN1INTA_ISR                                                    
0     0030084d  _ECAN1INTB_ISR                                                    
0     00300717  _ECAP1_INT_ISR                                                    
0     00300721  _ECAP2_INT_ISR                                                    
0     0030072b  _ECAP3_INT_ISR                                                    
0     00300735  _ECAP4_INT_ISR                                                    
0     0030073f  _ECAP5_INT_ISR                                                    
0     00300749  _ECAP6_INT_ISR                                                    
1     00006040  _ECanaLAMRegs                                                     
1     000060c0  _ECanaMOTORegs                                                    
1     00006080  _ECanaMOTSRegs                                                    
1     00006100  _ECanaMboxes                                                      
1     00006000  _ECanaRegs                                                        
1     00006240  _ECanbLAMRegs                                                     
1     000062c0  _ECanbMOTORegs                                                    
1     00006280  _ECanbMOTSRegs                                                    
1     00006300  _ECanbMboxes                                                      
1     00006200  _ECanbRegs                                                        
1     00006a00  _ECap1Regs                                                        
1     00006a20  _ECap2Regs                                                        
1     00006a40  _ECap3Regs                                                        
1     00006a60  _ECap4Regs                                                        
1     00006a80  _ECap5Regs                                                        
1     00006aa0  _ECap6Regs                                                        
0     003005c3  _EMUINT_ISR                                                       
0     003006db  _EPWM1_INT_ISR                                                    
0     0030069f  _EPWM1_TZINT_ISR                                                  
0     003006e5  _EPWM2_INT_ISR                                                    
0     003006a9  _EPWM2_TZINT_ISR                                                  
0     003006ef  _EPWM3_INT_ISR                                                    
0     003006b3  _EPWM3_TZINT_ISR                                                  
0     003006f9  _EPWM4_INT_ISR                                                    
0     003006bd  _EPWM4_TZINT_ISR                                                  
0     00300703  _EPWM5_INT_ISR                                                    
0     003006c7  _EPWM5_TZINT_ISR                                                  
0     0030070d  _EPWM6_INT_ISR                                                    
0     003006d1  _EPWM6_TZINT_ISR                                                  
1     00006800  _EPwm1Regs                                                        
1     00006840  _EPwm2Regs                                                        
1     00006880  _EPwm3Regs                                                        
1     000068c0  _EPwm4Regs                                                        
1     00006900  _EPwm5Regs                                                        
1     00006940  _EPwm6Regs                                                        
0     00300753  _EQEP1_INT_ISR                                                    
0     0030075d  _EQEP2_INT_ISR                                                    
1     00006b00  _EQep1Regs                                                        
1     00006b40  _EQep2Regs                                                        
0     00300cb6  _EnableInterrupts                                                 
1     00000a80  _FlashRegs                                                        
0     00300098  _G6A_Einstie_MATLABFunction1                                      
0     00300076  _G6A_Einstiegsa_NEGATIVEEdge                                      
0     00300087  _G6A_Einstiegsa_POSITIVEEdge                                      
1     0000c04a  _G6A_Einstiegsaufgabe_Info_DWork                                  
0     00300ea2  _G6A_Einstiegsaufgabe_Informa_M                                   
1     0000c042  _G6A_Einstiegsaufgabe_Informa_M_                                  
1     0000c05c  _G6A_Einstiegsaufgabe_Informat_B                                  
1     0000c000  _G6A_Einstiegsaufgabe_Informat_P                                  
0     0030003b  _G6A_Einstiegsaufgabe_Informationstechnik_SetEventsForThisBaseStep
0     003004f3  _G6A_Einstiegsaufgabe_Informationstechnik_initialize              
0     003000a9  _G6A_Einstiegsaufgabe_Informationstechnik_step0                   
0     00300286  _G6A_Einstiegsaufgabe_Informationstechnik_step1                   
0     003004c6  _G6A_Einstiegsaufgabe_Informationstechnik_step2                   
0     0030059a  _G6A_Einstiegsaufgabe_Informationstechnik_terminate               
1     00006f80  _GpioCtrlRegs                                                     
1     00006fc0  _GpioDataRegs                                                     
1     00006fe0  _GpioIntRegs                                                      
0     003007df  _I2CINT1A_ISR                                                     
0     003007e9  _I2CINT2A_ISR                                                     
1     00007900  _I2caRegs                                                         
0     003005d7  _ILLEGAL_ISR                                                      
0     0030059b  _INT13_ISR                                                        
0     003005a5  _INT14_ISR                                                        
0     00300d50  _InitAdc                                                          
0     00300aee  _InitCpuTimers                                                    
0     00008000  _InitFlash                                                        
0     0030091d  _InitPeripheralClocks                                             
0     00300c97  _InitPieCtrl                                                      
0     00300ce3  _InitPieVectTable                                                 
0     003008cc  _InitPll                                                          
0     003008b1  _InitSysCtrl                                                      
0     00300acf  _InitXintf16Gpio                                                  
1     0000c075  _IsrOverrun                                                       
0     00300893  _LUF_ISR                                                          
0     00300889  _LVF_ISR                                                          
0     0030078f  _MRINTA_ISR                                                       
0     0030077b  _MRINTB_ISR                                                       
0     00300799  _MXINTA_ISR                                                       
0     00300785  _MXINTB_ISR                                                       
1     00005000  _McbspaRegs                                                       
1     00005040  _McbspbRegs                                                       
0     003005cd  _NMI_ISR                                                          
0     0030089d  _PIE_RESERVED                                                     
1     00000ce0  _PieCtrlRegs                                                      
1     00000d00  _PieVectTable                                                     
0     00300da2  _PieVectTableInit                                                 
0     003005b9  _RTOSINT_ISR                                                      
0     00300da1  _RamfuncsLoadEnd                                                  
0     00300d82  _RamfuncsLoadStart                                                
0     00008000  _RamfuncsRunStart                                                 
0     00300807  _SCIRXINTA_ISR                                                    
0     0030081b  _SCIRXINTB_ISR                                                    
0     003007f3  _SCIRXINTC_ISR                                                    
0     00300811  _SCITXINTA_ISR                                                    
0     00300825  _SCITXINTB_ISR                                                    
0     003007fd  _SCITXINTC_ISR                                                    
0     00300659  _SEQ1INT_ISR                                                      
0     00300663  _SEQ2INT_ISR                                                      
0     00300767  _SPIRXINTA_ISR                                                    
0     00300771  _SPITXINTA_ISR                                                    
1     00007050  _SciaRegs                                                         
1     00007750  _ScibRegs                                                         
1     00007770  _ScicRegs                                                         
0     003008ba  _ServiceDog                                                       
1     00007040  _SpiaRegs                                                         
1     00007010  _SysCtrlRegs                                                      
0     0030068b  _TINT0_ISR                                                        
0     00300bbf  _TINT0_isr                                                        
0     0030063b  _USER10_ISR                                                       
0     00300645  _USER11_ISR                                                       
0     0030064f  _USER12_ISR                                                       
0     003005e1  _USER1_ISR                                                        
0     003005eb  _USER2_ISR                                                        
0     003005f5  _USER3_ISR                                                        
0     003005ff  _USER4_ISR                                                        
0     00300609  _USER5_ISR                                                        
0     00300613  _USER6_ISR                                                        
0     0030061d  _USER7_ISR                                                        
0     00300627  _USER8_ISR                                                        
0     00300631  _USER9_ISR                                                        
0     00300695  _WAKEINT_ISR                                                      
0     0030066d  _XINT1_ISR                                                        
0     00300677  _XINT2_ISR                                                        
0     00300857  _XINT3_ISR                                                        
0     00300861  _XINT4_ISR                                                        
0     0030086b  _XINT5_ISR                                                        
0     00300875  _XINT6_ISR                                                        
0     0030087f  _XINT7_ISR                                                        
1     00007070  _XIntruptRegs                                                     
1     00000b20  _XintfRegs                                                        
1     00000600  __STACK_END                                                       
abs   00000200  __STACK_SIZE                                                      
1     0000c09a  ___TI_cleanup_ptr                                                 
1     0000c09c  ___TI_dtors_ptr                                                   
1     0000c098  ___TI_enable_exit_profile_output                                  
abs   ffffffff  ___TI_pprof_out_hndl                                              
abs   ffffffff  ___TI_prof_data_size                                              
abs   ffffffff  ___TI_prof_data_start                                             
abs   ffffffff  ___binit__                                                        
1     0000c000  ___bss__                                                          
abs   ffffffff  ___c_args__                                                       
0     00300ea4  ___cinit__                                                        
1     0000c000  ___data__                                                         
1     0000c000  ___edata__                                                        
1     0000c000  ___end__                                                          
0     00300d82  ___etext__                                                        
abs   ffffffff  ___pinit__                                                        
0     00300000  ___text__                                                         
0     00300d21  __args_main                                                       
1     0000c03e  __lock                                                            
0     00300d76  __nop                                                             
0     00300d72  __register_lock                                                   
0     00300d6e  __register_unlock                                                 
1     00000400  __stack                                                           
0     00300d81  __system_post_cinit                                               
0     00300d7f  __system_pre_init                                                 
1     0000c07c  __unlock                                                          
0     00300c6e  _abort                                                            
0     00300d41  _c2000_flash_init                                                 
0     00300b69  _c_int00                                                          
0     00300c40  _config_ADC_A                                                     
0     00300d64  _config_ePWM_GPIO                                                 
0     00300c03  _configureTimer0                                                  
0     00300cbf  _copy_in                                                          
0     00300c32  _disableTimer0Interrupt                                           
0     00300c2a  _enableTimer0Interrupt                                            
0     00300c70  _exit                                                             
0     00300d3e  _globalInterruptDisable                                           
0     00300d3a  _globalInterruptEnable                                            
0     00300a71  _init_board                                                       
0     00300000  _init_i2c                                                         
1     0000c076  _isRateRunning                                                    
0     00300a26  _main                                                             
0     00300d03  _memcpy                                                           
1     0000c079  _need2runFlags                                                    
0     00300033  _reset_i2c                                                        
0     003008a7  _rsvd_ISR                                                         
0     003009a9  _rt_OneStep                                                       
1     0000c074  _stopRequested                                                    
abs   ffffffff  binit                                                             
0     00300ea4  cinit                                                             
0     0033fff6  code_start                                                        
1     0000c000  edata                                                             
1     0000c000  end                                                               
0     00300d82  etext                                                             
abs   ffffffff  pinit                                                             


GLOBAL SYMBOLS: SORTED BY Symbol Address 

page  address   name                                                              
----  -------   ----                                                              
0     00008000  _InitFlash                                                        
0     00008000  _RamfuncsRunStart                                                 
0     0000801b  _DSP28x_usDelay                                                   
0     00300000  .text                                                             
0     00300000  ___text__                                                         
0     00300000  _init_i2c                                                         
0     00300033  _reset_i2c                                                        
0     0030003b  _G6A_Einstiegsaufgabe_Informationstechnik_SetEventsForThisBaseStep
0     00300076  _G6A_Einstiegsa_NEGATIVEEdge                                      
0     00300087  _G6A_Einstiegsa_POSITIVEEdge                                      
0     00300098  _G6A_Einstie_MATLABFunction1                                      
0     003000a9  _G6A_Einstiegsaufgabe_Informationstechnik_step0                   
0     00300286  _G6A_Einstiegsaufgabe_Informationstechnik_step1                   
0     003004c6  _G6A_Einstiegsaufgabe_Informationstechnik_step2                   
0     003004f3  _G6A_Einstiegsaufgabe_Informationstechnik_initialize              
0     0030059a  _G6A_Einstiegsaufgabe_Informationstechnik_terminate               
0     0030059b  _INT13_ISR                                                        
0     003005a5  _INT14_ISR                                                        
0     003005af  _DATALOG_ISR                                                      
0     003005b9  _RTOSINT_ISR                                                      
0     003005c3  _EMUINT_ISR                                                       
0     003005cd  _NMI_ISR                                                          
0     003005d7  _ILLEGAL_ISR                                                      
0     003005e1  _USER1_ISR                                                        
0     003005eb  _USER2_ISR                                                        
0     003005f5  _USER3_ISR                                                        
0     003005ff  _USER4_ISR                                                        
0     00300609  _USER5_ISR                                                        
0     00300613  _USER6_ISR                                                        
0     0030061d  _USER7_ISR                                                        
0     00300627  _USER8_ISR                                                        
0     00300631  _USER9_ISR                                                        
0     0030063b  _USER10_ISR                                                       
0     00300645  _USER11_ISR                                                       
0     0030064f  _USER12_ISR                                                       
0     00300659  _SEQ1INT_ISR                                                      
0     00300663  _SEQ2INT_ISR                                                      
0     0030066d  _XINT1_ISR                                                        
0     00300677  _XINT2_ISR                                                        
0     00300681  _ADCINT_ISR                                                       
0     0030068b  _TINT0_ISR                                                        
0     00300695  _WAKEINT_ISR                                                      
0     0030069f  _EPWM1_TZINT_ISR                                                  
0     003006a9  _EPWM2_TZINT_ISR                                                  
0     003006b3  _EPWM3_TZINT_ISR                                                  
0     003006bd  _EPWM4_TZINT_ISR                                                  
0     003006c7  _EPWM5_TZINT_ISR                                                  
0     003006d1  _EPWM6_TZINT_ISR                                                  
0     003006db  _EPWM1_INT_ISR                                                    
0     003006e5  _EPWM2_INT_ISR                                                    
0     003006ef  _EPWM3_INT_ISR                                                    
0     003006f9  _EPWM4_INT_ISR                                                    
0     00300703  _EPWM5_INT_ISR                                                    
0     0030070d  _EPWM6_INT_ISR                                                    
0     00300717  _ECAP1_INT_ISR                                                    
0     00300721  _ECAP2_INT_ISR                                                    
0     0030072b  _ECAP3_INT_ISR                                                    
0     00300735  _ECAP4_INT_ISR                                                    
0     0030073f  _ECAP5_INT_ISR                                                    
0     00300749  _ECAP6_INT_ISR                                                    
0     00300753  _EQEP1_INT_ISR                                                    
0     0030075d  _EQEP2_INT_ISR                                                    
0     00300767  _SPIRXINTA_ISR                                                    
0     00300771  _SPITXINTA_ISR                                                    
0     0030077b  _MRINTB_ISR                                                       
0     00300785  _MXINTB_ISR                                                       
0     0030078f  _MRINTA_ISR                                                       
0     00300799  _MXINTA_ISR                                                       
0     003007a3  _DINTCH1_ISR                                                      
0     003007ad  _DINTCH2_ISR                                                      
0     003007b7  _DINTCH3_ISR                                                      
0     003007c1  _DINTCH4_ISR                                                      
0     003007cb  _DINTCH5_ISR                                                      
0     003007d5  _DINTCH6_ISR                                                      
0     003007df  _I2CINT1A_ISR                                                     
0     003007e9  _I2CINT2A_ISR                                                     
0     003007f3  _SCIRXINTC_ISR                                                    
0     003007fd  _SCITXINTC_ISR                                                    
0     00300807  _SCIRXINTA_ISR                                                    
0     00300811  _SCITXINTA_ISR                                                    
0     0030081b  _SCIRXINTB_ISR                                                    
0     00300825  _SCITXINTB_ISR                                                    
0     0030082f  _ECAN0INTA_ISR                                                    
0     00300839  _ECAN1INTA_ISR                                                    
0     00300843  _ECAN0INTB_ISR                                                    
0     0030084d  _ECAN1INTB_ISR                                                    
0     00300857  _XINT3_ISR                                                        
0     00300861  _XINT4_ISR                                                        
0     0030086b  _XINT5_ISR                                                        
0     00300875  _XINT6_ISR                                                        
0     0030087f  _XINT7_ISR                                                        
0     00300889  _LVF_ISR                                                          
0     00300893  _LUF_ISR                                                          
0     0030089d  _PIE_RESERVED                                                     
0     003008a7  _rsvd_ISR                                                         
0     003008b1  _InitSysCtrl                                                      
0     003008ba  _ServiceDog                                                       
0     003008c4  _DisableDog                                                       
0     003008cc  _InitPll                                                          
0     0030091d  _InitPeripheralClocks                                             
0     00300978  _CsmUnlock                                                        
0     003009a9  _rt_OneStep                                                       
0     00300a26  _main                                                             
0     00300a71  _init_board                                                       
0     00300acf  _InitXintf16Gpio                                                  
0     00300aee  _InitCpuTimers                                                    
0     00300b2f  _ConfigCpuTimer                                                   
0     00300b69  _c_int00                                                          
0     00300bbf  _TINT0_isr                                                        
0     00300c03  _configureTimer0                                                  
0     00300c2a  _enableTimer0Interrupt                                            
0     00300c32  _disableTimer0Interrupt                                           
0     00300c40  _config_ADC_A                                                     
0     00300c6e  C$$EXIT                                                           
0     00300c6e  _abort                                                            
0     00300c70  _exit                                                             
0     00300c97  _InitPieCtrl                                                      
0     00300cb6  _EnableInterrupts                                                 
0     00300cbf  _copy_in                                                          
0     00300ce3  _InitPieVectTable                                                 
0     00300d03  _memcpy                                                           
0     00300d21  __args_main                                                       
0     00300d3a  _globalInterruptEnable                                            
0     00300d3e  _globalInterruptDisable                                           
0     00300d41  _c2000_flash_init                                                 
0     00300d50  _InitAdc                                                          
0     00300d64  _config_ePWM_GPIO                                                 
0     00300d6e  __register_unlock                                                 
0     00300d72  __register_lock                                                   
0     00300d76  __nop                                                             
0     00300d7f  __system_pre_init                                                 
0     00300d81  __system_post_cinit                                               
0     00300d82  _RamfuncsLoadStart                                                
0     00300d82  ___etext__                                                        
0     00300d82  etext                                                             
0     00300da1  _RamfuncsLoadEnd                                                  
0     00300da2  _PieVectTableInit                                                 
0     00300ea2  _G6A_Einstiegsaufgabe_Informa_M                                   
0     00300ea4  ___cinit__                                                        
0     00300ea4  cinit                                                             
0     0033fff6  code_start                                                        
0     00380080  _ADC_cal                                                          
1     00000400  __stack                                                           
1     00000600  __STACK_END                                                       
1     00000880  _DevEmuRegs                                                       
1     00000a80  _FlashRegs                                                        
1     00000ae0  _CsmRegs                                                          
1     00000b00  _AdcMirror                                                        
1     00000b20  _XintfRegs                                                        
1     00000c00  _CpuTimer0Regs                                                    
1     00000c08  _CpuTimer1Regs                                                    
1     00000c10  _CpuTimer2Regs                                                    
1     00000ce0  _PieCtrlRegs                                                      
1     00000d00  _PieVectTable                                                     
1     00001000  _DmaRegs                                                          
1     00005000  _McbspaRegs                                                       
1     00005040  _McbspbRegs                                                       
1     00006000  _ECanaRegs                                                        
1     00006040  _ECanaLAMRegs                                                     
1     00006080  _ECanaMOTSRegs                                                    
1     000060c0  _ECanaMOTORegs                                                    
1     00006100  _ECanaMboxes                                                      
1     00006200  _ECanbRegs                                                        
1     00006240  _ECanbLAMRegs                                                     
1     00006280  _ECanbMOTSRegs                                                    
1     000062c0  _ECanbMOTORegs                                                    
1     00006300  _ECanbMboxes                                                      
1     00006800  _EPwm1Regs                                                        
1     00006840  _EPwm2Regs                                                        
1     00006880  _EPwm3Regs                                                        
1     000068c0  _EPwm4Regs                                                        
1     00006900  _EPwm5Regs                                                        
1     00006940  _EPwm6Regs                                                        
1     00006a00  _ECap1Regs                                                        
1     00006a20  _ECap2Regs                                                        
1     00006a40  _ECap3Regs                                                        
1     00006a60  _ECap4Regs                                                        
1     00006a80  _ECap5Regs                                                        
1     00006aa0  _ECap6Regs                                                        
1     00006b00  _EQep1Regs                                                        
1     00006b40  _EQep2Regs                                                        
1     00006f80  _GpioCtrlRegs                                                     
1     00006fc0  _GpioDataRegs                                                     
1     00006fe0  _GpioIntRegs                                                      
1     00007010  _SysCtrlRegs                                                      
1     00007040  _SpiaRegs                                                         
1     00007050  _SciaRegs                                                         
1     00007070  _XIntruptRegs                                                     
1     00007100  _AdcRegs                                                          
1     00007750  _ScibRegs                                                         
1     00007770  _ScicRegs                                                         
1     00007900  _I2caRegs                                                         
1     0000c000  .bss                                                              
1     0000c000  .data                                                             
1     0000c000  _G6A_Einstiegsaufgabe_Informat_P                                  
1     0000c000  ___bss__                                                          
1     0000c000  ___data__                                                         
1     0000c000  ___edata__                                                        
1     0000c000  ___end__                                                          
1     0000c000  edata                                                             
1     0000c000  end                                                               
1     0000c03e  __lock                                                            
1     0000c042  _G6A_Einstiegsaufgabe_Informa_M_                                  
1     0000c04a  _G6A_Einstiegsaufgabe_Info_DWork                                  
1     0000c05c  _G6A_Einstiegsaufgabe_Informat_B                                  
1     0000c074  _stopRequested                                                    
1     0000c075  _IsrOverrun                                                       
1     0000c076  _isRateRunning                                                    
1     0000c079  _need2runFlags                                                    
1     0000c07c  __unlock                                                          
1     0000c080  _CpuTimer1                                                        
1     0000c088  _CpuTimer2                                                        
1     0000c090  _CpuTimer0                                                        
1     0000c098  ___TI_enable_exit_profile_output                                  
1     0000c09a  ___TI_cleanup_ptr                                                 
1     0000c09c  ___TI_dtors_ptr                                                   
1     0033fff8  _CsmPwl                                                           
abs   00000200  __STACK_SIZE                                                      
abs   ffffffff  ___TI_pprof_out_hndl                                              
abs   ffffffff  ___TI_prof_data_size                                              
abs   ffffffff  ___TI_prof_data_start                                             
abs   ffffffff  ___binit__                                                        
abs   ffffffff  ___c_args__                                                       
abs   ffffffff  ___pinit__                                                        
abs   ffffffff  binit                                                             
abs   ffffffff  pinit                                                             

[226 symbols]
