******************************************************************************
             TMS320C2000 Linker PC v16.9.2                     
******************************************************************************
>> Linked Mon Nov 04 14:40:03 2019

OUTPUT FILE NAME:   <../G6A_Einstiegsaufgabe_Informationstechnik.out>
ENTRY POINT SYMBOL: "_c_int00"  address: 00300f49


MEMORY CONFIGURATION

         name            origin    length      used     unused   attr    fill
----------------------  --------  ---------  --------  --------  ----  --------
PAGE 0:
  BEGINRAM              00000000   00000002  00000000  00000002  RWIX
  RAMM0                 00000002   000003fe  00000000  000003fe  RWIX
  RAML0L3               00008000   00004000  0000001f  00003fe1  RWIX
  ZONE7P                00200000   00010000  00000000  00010000  RWIX
  FLASH                 00300000   0003fff6  000013de  0003ec18  RWIX
  BEGINFLASH            0033fff6   00000002  00000002  00000000  RWIX
  ADC_CAL               00380080   00000009  00000007  00000002  RWIX
  OTP                   00380400   00000400  00000000  00000400  RWIX
  CSM_PWL               003f7ff8   00000008  00000000  00000008  RWIX
  IQTABLES              003fe000   00000b50  00000000  00000b50  RWIX
  IQTABLES2             003feb50   0000008c  00000000  0000008c  RWIX
  FPUTABLES             003febdc   000006a0  00000000  000006a0  RWIX
  ROM                   003ff27c   00000d44  00000000  00000d44  RWIX
  RESET                 003fffc0   00000002  00000000  00000002  RWIX
  VECTORS               003fffc2   0000003e  00000000  0000003e  RWIX

PAGE 1:
  RAMM1                 00000400   00000400  00000200  00000200  RWIX
  DEV_EMU               00000880   00000180  000000d0  000000b0  RWIX
  FLASH_REGS            00000a80   00000060  00000008  00000058  RWIX
  CSM                   00000ae0   00000010  00000010  00000000  RWIX
  ADC_MIRROR            00000b00   00000010  00000010  00000000  RWIX
  XINTF                 00000b20   00000020  0000001e  00000002  RWIX
  CPU_TIMER0            00000c00   00000008  00000008  00000000  RWIX
  CPU_TIMER1            00000c08   00000008  00000008  00000000  RWIX
  CPU_TIMER2            00000c10   00000008  00000008  00000000  RWIX
  PIE_CTRL              00000ce0   00000020  0000001a  00000006  RWIX
  PIE_VECT              00000d00   00000100  00000100  00000000  RWIX
  DMA                   00001000   00000200  000000e0  00000120  RWIX
  MCBSPA                00005000   00000040  00000025  0000001b  RWIX
  MCBSPB                00005040   00000040  00000025  0000001b  RWIX
  ECANA                 00006000   00000040  00000034  0000000c  RWIX
  ECANA_LAM             00006040   00000040  00000040  00000000  RWIX
  ECANA_MOTS            00006080   00000040  00000040  00000000  RWIX
  ECANA_MOTO            000060c0   00000040  00000040  00000000  RWIX
  ECANA_MBOX            00006100   00000100  00000100  00000000  RWIX
  ECANB                 00006200   00000040  00000034  0000000c  RWIX
  ECANB_LAM             00006240   00000040  00000040  00000000  RWIX
  ECANB_MOTS            00006280   00000040  00000040  00000000  RWIX
  ECANB_MOTO            000062c0   00000040  00000040  00000000  RWIX
  ECANB_MBOX            00006300   00000100  00000100  00000000  RWIX
  EPWM1                 00006800   00000022  00000022  00000000  RWIX
  EPWM2                 00006840   00000022  00000022  00000000  RWIX
  EPWM3                 00006880   00000022  00000022  00000000  RWIX
  EPWM4                 000068c0   00000022  00000022  00000000  RWIX
  EPWM5                 00006900   00000022  00000022  00000000  RWIX
  EPWM6                 00006940   00000022  00000022  00000000  RWIX
  ECAP1                 00006a00   00000020  00000020  00000000  RWIX
  ECAP2                 00006a20   00000020  00000020  00000000  RWIX
  ECAP3                 00006a40   00000020  00000020  00000000  RWIX
  ECAP4                 00006a60   00000020  00000020  00000000  RWIX
  ECAP5                 00006a80   00000020  00000020  00000000  RWIX
  ECAP6                 00006aa0   00000020  00000020  00000000  RWIX
  EQEP1                 00006b00   00000040  00000040  00000000  RWIX
  EQEP2                 00006b40   00000040  00000040  00000000  RWIX
  GPIOCTRL              00006f80   00000040  0000002e  00000012  RWIX
  GPIODAT               00006fc0   00000020  00000020  00000000  RWIX
  GPIOINT               00006fe0   00000020  0000000a  00000016  RWIX
  SYSTEM                00007010   00000020  00000020  00000000  RWIX
  SPIA                  00007040   00000010  00000010  00000000  RWIX
  SCIA                  00007050   00000010  00000010  00000000  RWIX
  XINTRUPT              00007070   00000010  00000010  00000000  RWIX
  ADC                   00007100   00000020  0000001e  00000002  RWIX
  SCIB                  00007750   00000010  00000010  00000000  RWIX
  SCIC                  00007770   00000010  00000010  00000000  RWIX
  I2CA                  00007900   00000040  00000022  0000001e  RWIX
  RAML4L7               0000c000   00004000  00000099  00003f67  RWIX
  ZONE7D                00210000   00010000  00000000  00010000  RWIX
  CSM_PWL               0033fff8   00000008  00000008  00000000  RWIX


SECTION ALLOCATION MAP

 output                                  attributes/
section   page    origin      length       input sections
--------  ----  ----------  ----------   ----------------
.text      0    00300000    00001206     
                  00300000    00000470     G6A_Einstiegsaufgabe_Informationstechnik.obj (.text)
                  00300470    00000380     rts2800_fpu32.lib : e_powf.obj (.text)
                  003007f0    00000316     DSP2833x_DefaultIsr.obj (.text:retain)
                  00300b06    000000f8     DSP2833x_SysCtrl.obj (.text)
                  00300bfe    00000092     rt_nonfinite.obj (.text)
                  00300c90    00000088     rts2800_fpu32.lib : fs_div28.obj (.text)
                  00300d18    00000080     ert_main.obj (.text)
                  00300d98    0000007d     MW_c28xx_board.obj (.text)
                  00300e15    0000007b     DSP2833x_CpuTimers.obj (.text)
                  00300e90    00000062     rts2800_fpu32.lib : s_scalbnf.obj (.text)
                  00300ef2    00000057                       : s_floorf.obj (.text)
                  00300f49    00000056                       : boot28.obj (.text)
                  00300f9f    00000044     c2833xSchedulerTimer0.obj (.text:retain)
                  00300fe3    00000044     rtGetInf.obj (.text)
                  00301027    0000003d     c2833xSchedulerTimer0.obj (.text)
                  00301064    0000002e     MW_c28xx_adc.obj (.text)
                  00301092    0000002a     rtGetNaN.obj (.text)
                  003010bc    00000029     rts2800_fpu32.lib : exit.obj (.text)
                  003010e5    00000028     DSP2833x_PieCtrl.obj (.text)
                  0030110d    00000001     rts2800_fpu32.lib : startup.obj (.text)
                  0030110e    00000025                       : e_sqrtf.obj (.text)
                  00301133    00000024                       : cpy_tbl.obj (.text)
                  00301157    00000020     DSP2833x_PieVect.obj (.text)
                  00301177    0000001e     rts2800_fpu32.lib : memcpy.obj (.text)
                  00301195    00000019                       : args_main.obj (.text)
                  003011ae    00000016     c2833xBoard_Realtime_Support.obj (.text)
                  003011c4    00000014     DSP2833x_Adc.obj (.text)
                  003011d8    00000011     rts2800_fpu32.lib : s_copysignf.obj (.text)
                  003011e9    0000000a     MW_c28xx_pwm.obj (.text)
                  003011f3    00000009     rts2800_fpu32.lib : _lock.obj (.text)
                  003011fc    00000008     DSP2833x_CodeStartBranch.obj (.text)
                  00301204    00000002     rts2800_fpu32.lib : pre_init.obj (.text)

ramfuncs   0    00301206    0000001f     RUN ADDR = 00008000
                  00301206    0000001b     DSP2833x_SysCtrl.obj (ramfuncs)
                  00301221    00000004     DSP2833x_usDelay.obj (ramfuncs)

.econst    0    00301226    0000014a     
                  00301226    00000100     DSP2833x_PieVect.obj (.econst:_PieVectTableInit)
                  00301326    00000032     rts2800_fpu32.lib : e_powf.obj (.econst)
                  00301358    00000006                       : s_scalbnf.obj (.econst)
                  0030135e    00000004                       : e_powf.obj (.econst:_bp)
                  00301362    00000004                       : e_powf.obj (.econst:_dp_h)
                  00301366    00000004                       : e_powf.obj (.econst:_dp_l)
                  0030136a    00000002     G6A_Einstiegsaufgabe_Informationstechnik.obj (.econst)
                  0030136c    00000002     rtGetNaN.obj (.econst:_$P$T0$1)
                  0030136e    00000002     rts2800_fpu32.lib : s_floorf.obj (.econst)

.cinit     0    00301370    0000006f     
                  00301370    0000003b     G6A_Einstiegsaufgabe_Informationstechnik_data.obj (.cinit)
                  003013ab    00000012     ert_main.obj (.cinit)
                  003013bd    0000000e     rts2800_fpu32.lib : exit.obj (.cinit)
                  003013cb    00000005                       : _lock.obj (.cinit:__lock)
                  003013d0    00000005                       : _lock.obj (.cinit:__unlock)
                  003013d5    00000004     G6A_Einstiegsaufgabe_Informationstechnik.obj (.cinit)
                  003013d9    00000004     rts2800_fpu32.lib : errno.obj (.cinit)
                  003013dd    00000002     --HOLE-- [fill = 0]

codestart 
*          0    0033fff6    00000002     
                  0033fff6    00000002     DSP2833x_CodeStartBranch.obj (codestart)

.adc_cal   0    00380080    00000007     NOLOAD SECTION
                  00380080    00000007     DSP2833x_ADC_cal.obj (.adc_cal)

.stack     1    00000400    00000200     UNINITIALIZED
                  00000400    00000200     --HOLE--

DevEmuRegsFile 
*          1    00000880    000000d0     UNINITIALIZED
                  00000880    000000d0     DSP2833x_GlobalVariableDefs.obj (DevEmuRegsFile)

FlashRegsFile 
*          1    00000a80    00000008     UNINITIALIZED
                  00000a80    00000008     DSP2833x_GlobalVariableDefs.obj (FlashRegsFile)

CsmRegsFile 
*          1    00000ae0    00000010     UNINITIALIZED
                  00000ae0    00000010     DSP2833x_GlobalVariableDefs.obj (CsmRegsFile)

AdcMirrorFile 
*          1    00000b00    00000010     UNINITIALIZED
                  00000b00    00000010     DSP2833x_GlobalVariableDefs.obj (AdcMirrorFile)

XintfRegsFile 
*          1    00000b20    0000001e     UNINITIALIZED
                  00000b20    0000001e     DSP2833x_GlobalVariableDefs.obj (XintfRegsFile)

CpuTimer0RegsFile 
*          1    00000c00    00000008     UNINITIALIZED
                  00000c00    00000008     DSP2833x_GlobalVariableDefs.obj (CpuTimer0RegsFile)

CpuTimer1RegsFile 
*          1    00000c08    00000008     UNINITIALIZED
                  00000c08    00000008     DSP2833x_GlobalVariableDefs.obj (CpuTimer1RegsFile)

CpuTimer2RegsFile 
*          1    00000c10    00000008     UNINITIALIZED
                  00000c10    00000008     DSP2833x_GlobalVariableDefs.obj (CpuTimer2RegsFile)

PieCtrlRegsFile 
*          1    00000ce0    0000001a     UNINITIALIZED
                  00000ce0    0000001a     DSP2833x_GlobalVariableDefs.obj (PieCtrlRegsFile)

PieVectTableFile 
*          1    00000d00    00000100     UNINITIALIZED
                  00000d00    00000100     DSP2833x_GlobalVariableDefs.obj (PieVectTableFile)

DmaRegsFile 
*          1    00001000    000000e0     UNINITIALIZED
                  00001000    000000e0     DSP2833x_GlobalVariableDefs.obj (DmaRegsFile)

McbspaRegsFile 
*          1    00005000    00000025     UNINITIALIZED
                  00005000    00000025     DSP2833x_GlobalVariableDefs.obj (McbspaRegsFile)

McbspbRegsFile 
*          1    00005040    00000025     UNINITIALIZED
                  00005040    00000025     DSP2833x_GlobalVariableDefs.obj (McbspbRegsFile)

ECanaRegsFile 
*          1    00006000    00000034     UNINITIALIZED
                  00006000    00000034     DSP2833x_GlobalVariableDefs.obj (ECanaRegsFile)

ECanaLAMRegsFile 
*          1    00006040    00000040     UNINITIALIZED
                  00006040    00000040     DSP2833x_GlobalVariableDefs.obj (ECanaLAMRegsFile)

ECanaMOTSRegsFile 
*          1    00006080    00000040     UNINITIALIZED
                  00006080    00000040     DSP2833x_GlobalVariableDefs.obj (ECanaMOTSRegsFile)

ECanaMOTORegsFile 
*          1    000060c0    00000040     UNINITIALIZED
                  000060c0    00000040     DSP2833x_GlobalVariableDefs.obj (ECanaMOTORegsFile)

ECanaMboxesFile 
*          1    00006100    00000100     UNINITIALIZED
                  00006100    00000100     DSP2833x_GlobalVariableDefs.obj (ECanaMboxesFile)

ECanbRegsFile 
*          1    00006200    00000034     UNINITIALIZED
                  00006200    00000034     DSP2833x_GlobalVariableDefs.obj (ECanbRegsFile)

ECanbLAMRegsFile 
*          1    00006240    00000040     UNINITIALIZED
                  00006240    00000040     DSP2833x_GlobalVariableDefs.obj (ECanbLAMRegsFile)

ECanbMOTSRegsFile 
*          1    00006280    00000040     UNINITIALIZED
                  00006280    00000040     DSP2833x_GlobalVariableDefs.obj (ECanbMOTSRegsFile)

ECanbMOTORegsFile 
*          1    000062c0    00000040     UNINITIALIZED
                  000062c0    00000040     DSP2833x_GlobalVariableDefs.obj (ECanbMOTORegsFile)

ECanbMboxesFile 
*          1    00006300    00000100     UNINITIALIZED
                  00006300    00000100     DSP2833x_GlobalVariableDefs.obj (ECanbMboxesFile)

EPwm1RegsFile 
*          1    00006800    00000022     UNINITIALIZED
                  00006800    00000022     DSP2833x_GlobalVariableDefs.obj (EPwm1RegsFile)

EPwm2RegsFile 
*          1    00006840    00000022     UNINITIALIZED
                  00006840    00000022     DSP2833x_GlobalVariableDefs.obj (EPwm2RegsFile)

EPwm3RegsFile 
*          1    00006880    00000022     UNINITIALIZED
                  00006880    00000022     DSP2833x_GlobalVariableDefs.obj (EPwm3RegsFile)

EPwm4RegsFile 
*          1    000068c0    00000022     UNINITIALIZED
                  000068c0    00000022     DSP2833x_GlobalVariableDefs.obj (EPwm4RegsFile)

EPwm5RegsFile 
*          1    00006900    00000022     UNINITIALIZED
                  00006900    00000022     DSP2833x_GlobalVariableDefs.obj (EPwm5RegsFile)

EPwm6RegsFile 
*          1    00006940    00000022     UNINITIALIZED
                  00006940    00000022     DSP2833x_GlobalVariableDefs.obj (EPwm6RegsFile)

ECap1RegsFile 
*          1    00006a00    00000020     UNINITIALIZED
                  00006a00    00000020     DSP2833x_GlobalVariableDefs.obj (ECap1RegsFile)

ECap2RegsFile 
*          1    00006a20    00000020     UNINITIALIZED
                  00006a20    00000020     DSP2833x_GlobalVariableDefs.obj (ECap2RegsFile)

ECap3RegsFile 
*          1    00006a40    00000020     UNINITIALIZED
                  00006a40    00000020     DSP2833x_GlobalVariableDefs.obj (ECap3RegsFile)

ECap4RegsFile 
*          1    00006a60    00000020     UNINITIALIZED
                  00006a60    00000020     DSP2833x_GlobalVariableDefs.obj (ECap4RegsFile)

ECap5RegsFile 
*          1    00006a80    00000020     UNINITIALIZED
                  00006a80    00000020     DSP2833x_GlobalVariableDefs.obj (ECap5RegsFile)

ECap6RegsFile 
*          1    00006aa0    00000020     UNINITIALIZED
                  00006aa0    00000020     DSP2833x_GlobalVariableDefs.obj (ECap6RegsFile)

EQep1RegsFile 
*          1    00006b00    00000040     UNINITIALIZED
                  00006b00    00000040     DSP2833x_GlobalVariableDefs.obj (EQep1RegsFile)

EQep2RegsFile 
*          1    00006b40    00000040     UNINITIALIZED
                  00006b40    00000040     DSP2833x_GlobalVariableDefs.obj (EQep2RegsFile)

GpioCtrlRegsFile 
*          1    00006f80    0000002e     UNINITIALIZED
                  00006f80    0000002e     DSP2833x_GlobalVariableDefs.obj (GpioCtrlRegsFile)

GpioDataRegsFile 
*          1    00006fc0    00000020     UNINITIALIZED
                  00006fc0    00000020     DSP2833x_GlobalVariableDefs.obj (GpioDataRegsFile)

GpioIntRegsFile 
*          1    00006fe0    0000000a     UNINITIALIZED
                  00006fe0    0000000a     DSP2833x_GlobalVariableDefs.obj (GpioIntRegsFile)

SysCtrlRegsFile 
*          1    00007010    00000020     UNINITIALIZED
                  00007010    00000020     DSP2833x_GlobalVariableDefs.obj (SysCtrlRegsFile)

SpiaRegsFile 
*          1    00007040    00000010     UNINITIALIZED
                  00007040    00000010     DSP2833x_GlobalVariableDefs.obj (SpiaRegsFile)

SciaRegsFile 
*          1    00007050    00000010     UNINITIALIZED
                  00007050    00000010     DSP2833x_GlobalVariableDefs.obj (SciaRegsFile)

XIntruptRegsFile 
*          1    00007070    00000010     UNINITIALIZED
                  00007070    00000010     DSP2833x_GlobalVariableDefs.obj (XIntruptRegsFile)

AdcRegsFile 
*          1    00007100    0000001e     UNINITIALIZED
                  00007100    0000001e     DSP2833x_GlobalVariableDefs.obj (AdcRegsFile)

ScibRegsFile 
*          1    00007750    00000010     UNINITIALIZED
                  00007750    00000010     DSP2833x_GlobalVariableDefs.obj (ScibRegsFile)

ScicRegsFile 
*          1    00007770    00000010     UNINITIALIZED
                  00007770    00000010     DSP2833x_GlobalVariableDefs.obj (ScicRegsFile)

I2caRegsFile 
*          1    00007900    00000022     UNINITIALIZED
                  00007900    00000022     DSP2833x_GlobalVariableDefs.obj (I2caRegsFile)

CsmPwlFile 
*          1    0033fff8    00000008     UNINITIALIZED
                  0033fff8    00000008     DSP2833x_GlobalVariableDefs.obj (CsmPwlFile)

.bss       1    0000c000    00000000     UNINITIALIZED

.ebss      1    0000c000    00000099     UNINITIALIZED
                  0000c000    00000038     G6A_Einstiegsaufgabe_Informationstechnik_data.obj (.ebss)
                  0000c038    00000006     ert_main.obj (.ebss)
                  0000c03e    00000002     rts2800_fpu32.lib : _lock.obj (.ebss:__lock)
                  0000c040    0000002c     G6A_Einstiegsaufgabe_Informationstechnik.obj (.ebss)
                  0000c06c    0000000c     rt_nonfinite.obj (.ebss)
                  0000c078    00000006     rts2800_fpu32.lib : exit.obj (.ebss)
                  0000c07e    00000002                       : _lock.obj (.ebss:__unlock)
                  0000c080    00000018     DSP2833x_CpuTimers.obj (.ebss)
                  0000c098    00000001     rts2800_fpu32.lib : errno.obj (.ebss)

.pinit     0    00300000    00000000     UNINITIALIZED

.reset     0    003fffc0    00000002     DSECT
                  003fffc0    00000002     rts2800_fpu32.lib : boot28.obj (.reset)

.data      1    0000c000    00000000     UNINITIALIZED

MODULE SUMMARY

       Module                                              code   initialized data   uninitialized data
       ------                                              ----   ----------------   ------------------
    <current directory>
       DSP2833x_GlobalVariableDefs.obj                     0      0                  2678              
       G6A_Einstiegsaufgabe_Informationstechnik.obj        1136   6                  44                
       DSP2833x_DefaultIsr.obj                             790    0                  0                 
       DSP2833x_SysCtrl.obj                                302    0                  0                 
       DSP2833x_PieVect.obj                                32     256                0                 
       rt_nonfinite.obj                                    146    0                  12                
       ert_main.obj                                        128    18                 6                 
       DSP2833x_CpuTimers.obj                              123    0                  24                
       c2833xSchedulerTimer0.obj                           129    0                  0                 
       MW_c28xx_board.obj                                  125    0                  0                 
       G6A_Einstiegsaufgabe_Informationstechnik_data.obj   0      59                 56                
       rtGetInf.obj                                        68     0                  0                 
       MW_c28xx_adc.obj                                    46     0                  0                 
       rtGetNaN.obj                                        42     2                  0                 
       DSP2833x_PieCtrl.obj                                40     0                  0                 
       c2833xBoard_Realtime_Support.obj                    22     0                  0                 
       DSP2833x_Adc.obj                                    20     0                  0                 
       DSP2833x_CodeStartBranch.obj                        10     0                  0                 
       MW_c28xx_pwm.obj                                    10     0                  0                 
       DSP2833x_usDelay.obj                                8      0                  0                 
       DSP2833x_ADC_cal.obj                                7      0                  0                 
    +--+---------------------------------------------------+------+------------------+--------------------+
       Total:                                              3184   341                2820              
                                                                                                       
    C:/PROGRA~3/MATLAB/SUPPOR~1/R2018b/3P778C~1.INS/TIC200~1.INS/TI-CGT~1.LTS/lib/rts2800_fpu32.lib
       e_powf.obj                                          896    62                 0                 
       fs_div28.obj                                        136    0                  0                 
       s_scalbnf.obj                                       98     6                  0                 
       s_floorf.obj                                        87     2                  0                 
       boot28.obj                                          86     0                  0                 
       exit.obj                                            41     14                 6                 
       e_sqrtf.obj                                         37     0                  0                 
       cpy_tbl.obj                                         36     0                  0                 
       memcpy.obj                                          30     0                  0                 
       args_main.obj                                       25     0                  0                 
       _lock.obj                                           9      10                 4                 
       s_copysignf.obj                                     17     0                  0                 
       errno.obj                                           0      4                  1                 
       pre_init.obj                                        2      0                  0                 
       startup.obj                                         1      0                  0                 
    +--+---------------------------------------------------+------+------------------+--------------------+
       Total:                                              1501   98                 11                
                                                                                                       
       Stack:                                              0      0                  512               
    +--+---------------------------------------------------+------+------------------+--------------------+
       Grand Total:                                        4685   439                3343              


GLOBAL DATA SYMBOLS: SORTED BY DATA PAGE

address     data page           name
--------    ----------------    ----
00000400      10 (00000400)     __stack

00000880      22 (00000880)     _DevEmuRegs

00000a80      2a (00000a80)     _FlashRegs

00000ae0      2b (00000ac0)     _CsmRegs

00000b00      2c (00000b00)     _AdcMirror
00000b20      2c (00000b00)     _XintfRegs

00000c00      30 (00000c00)     _CpuTimer0Regs
00000c08      30 (00000c00)     _CpuTimer1Regs
00000c10      30 (00000c00)     _CpuTimer2Regs

00000ce0      33 (00000cc0)     _PieCtrlRegs

00000d00      34 (00000d00)     _PieVectTable

00001000      40 (00001000)     _DmaRegs

00005000     140 (00005000)     _McbspaRegs

00005040     141 (00005040)     _McbspbRegs

00006000     180 (00006000)     _ECanaRegs

00006040     181 (00006040)     _ECanaLAMRegs

00006080     182 (00006080)     _ECanaMOTSRegs

000060c0     183 (000060c0)     _ECanaMOTORegs

00006100     184 (00006100)     _ECanaMboxes

00006200     188 (00006200)     _ECanbRegs

00006240     189 (00006240)     _ECanbLAMRegs

00006280     18a (00006280)     _ECanbMOTSRegs

000062c0     18b (000062c0)     _ECanbMOTORegs

00006300     18c (00006300)     _ECanbMboxes

00006800     1a0 (00006800)     _EPwm1Regs

00006840     1a1 (00006840)     _EPwm2Regs

00006880     1a2 (00006880)     _EPwm3Regs

000068c0     1a3 (000068c0)     _EPwm4Regs

00006900     1a4 (00006900)     _EPwm5Regs

00006940     1a5 (00006940)     _EPwm6Regs

00006a00     1a8 (00006a00)     _ECap1Regs
00006a20     1a8 (00006a00)     _ECap2Regs

00006a40     1a9 (00006a40)     _ECap3Regs
00006a60     1a9 (00006a40)     _ECap4Regs

00006a80     1aa (00006a80)     _ECap5Regs
00006aa0     1aa (00006a80)     _ECap6Regs

00006b00     1ac (00006b00)     _EQep1Regs

00006b40     1ad (00006b40)     _EQep2Regs

00006f80     1be (00006f80)     _GpioCtrlRegs

00006fc0     1bf (00006fc0)     _GpioDataRegs
00006fe0     1bf (00006fc0)     _GpioIntRegs

00007010     1c0 (00007000)     _SysCtrlRegs

00007040     1c1 (00007040)     _SpiaRegs
00007050     1c1 (00007040)     _SciaRegs
00007070     1c1 (00007040)     _XIntruptRegs

00007100     1c4 (00007100)     _AdcRegs

00007750     1dd (00007740)     _ScibRegs
00007770     1dd (00007740)     _ScicRegs

00007900     1e4 (00007900)     _I2caRegs

0000c000     300 (0000c000)     _G6A_Einstiegsaufgabe_Informat_P
0000c038     300 (0000c000)     _stopRequested
0000c039     300 (0000c000)     _IsrOverrun
0000c03a     300 (0000c000)     _need2runFlags
0000c03c     300 (0000c000)     _isRateRunning
0000c03e     300 (0000c000)     __lock

0000c042     301 (0000c040)     _G6A_Einstiegsaufgabe_Informa_M_
0000c048     301 (0000c040)     _G6A_Einstiegsaufgabe_Info_DWork
0000c058     301 (0000c040)     _G6A_Einstiegsaufgabe_Informat_B
0000c06c     301 (0000c040)     _rtMinusInf
0000c06e     301 (0000c040)     _rtInf
0000c070     301 (0000c040)     _rtNaN
0000c072     301 (0000c040)     _rtMinusInfF
0000c074     301 (0000c040)     _rtInfF
0000c076     301 (0000c040)     _rtNaNF
0000c078     301 (0000c040)     ___TI_enable_exit_profile_output
0000c07a     301 (0000c040)     ___TI_cleanup_ptr
0000c07c     301 (0000c040)     ___TI_dtors_ptr
0000c07e     301 (0000c040)     __unlock

0000c080     302 (0000c080)     _CpuTimer1
0000c088     302 (0000c080)     _CpuTimer2
0000c090     302 (0000c080)     _CpuTimer0
0000c098     302 (0000c080)     _errno

00301226    c048 (00301200)     _PieVectTableInit

0030136a    c04d (00301340)     _G6A_Einstiegsaufgabe_Informa_M

0033fff8    cfff (0033ffc0)     _CsmPwl


GLOBAL SYMBOLS: SORTED ALPHABETICALLY BY Name 

page  address   name                                                              
----  -------   ----                                                              
1     0000c000  .bss                                                              
1     0000c000  .data                                                             
0     00300000  .text                                                             
0     003010bc  C$$EXIT                                                           
0     00300c90  FS$$DIV                                                           
0     003008d6  _ADCINT_ISR                                                       
0     00380080  _ADC_cal                                                          
1     00000b00  _AdcMirror                                                        
1     00007100  _AdcRegs                                                          
0     00300e56  _ConfigCpuTimer                                                   
1     0000c090  _CpuTimer0                                                        
1     00000c00  _CpuTimer0Regs                                                    
1     0000c080  _CpuTimer1                                                        
1     00000c08  _CpuTimer1Regs                                                    
1     0000c088  _CpuTimer2                                                        
1     00000c10  _CpuTimer2Regs                                                    
1     0033fff8  _CsmPwl                                                           
1     00000ae0  _CsmRegs                                                          
0     00300bcd  _CsmUnlock                                                        
0     00300804  _DATALOG_ISR                                                      
0     003009f8  _DINTCH1_ISR                                                      
0     00300a02  _DINTCH2_ISR                                                      
0     00300a0c  _DINTCH3_ISR                                                      
0     00300a16  _DINTCH4_ISR                                                      
0     00300a20  _DINTCH5_ISR                                                      
0     00300a2a  _DINTCH6_ISR                                                      
0     0000801b  _DSP28x_usDelay                                                   
1     00000880  _DevEmuRegs                                                       
0     00300b19  _DisableDog                                                       
1     00001000  _DmaRegs                                                          
0     00300a84  _ECAN0INTA_ISR                                                    
0     00300a98  _ECAN0INTB_ISR                                                    
0     00300a8e  _ECAN1INTA_ISR                                                    
0     00300aa2  _ECAN1INTB_ISR                                                    
0     0030096c  _ECAP1_INT_ISR                                                    
0     00300976  _ECAP2_INT_ISR                                                    
0     00300980  _ECAP3_INT_ISR                                                    
0     0030098a  _ECAP4_INT_ISR                                                    
0     00300994  _ECAP5_INT_ISR                                                    
0     0030099e  _ECAP6_INT_ISR                                                    
1     00006040  _ECanaLAMRegs                                                     
1     000060c0  _ECanaMOTORegs                                                    
1     00006080  _ECanaMOTSRegs                                                    
1     00006100  _ECanaMboxes                                                      
1     00006000  _ECanaRegs                                                        
1     00006240  _ECanbLAMRegs                                                     
1     000062c0  _ECanbMOTORegs                                                    
1     00006280  _ECanbMOTSRegs                                                    
1     00006300  _ECanbMboxes                                                      
1     00006200  _ECanbRegs                                                        
1     00006a00  _ECap1Regs                                                        
1     00006a20  _ECap2Regs                                                        
1     00006a40  _ECap3Regs                                                        
1     00006a60  _ECap4Regs                                                        
1     00006a80  _ECap5Regs                                                        
1     00006aa0  _ECap6Regs                                                        
0     00300818  _EMUINT_ISR                                                       
0     00300930  _EPWM1_INT_ISR                                                    
0     003008f4  _EPWM1_TZINT_ISR                                                  
0     0030093a  _EPWM2_INT_ISR                                                    
0     003008fe  _EPWM2_TZINT_ISR                                                  
0     00300944  _EPWM3_INT_ISR                                                    
0     00300908  _EPWM3_TZINT_ISR                                                  
0     0030094e  _EPWM4_INT_ISR                                                    
0     00300912  _EPWM4_TZINT_ISR                                                  
0     00300958  _EPWM5_INT_ISR                                                    
0     0030091c  _EPWM5_TZINT_ISR                                                  
0     00300962  _EPWM6_INT_ISR                                                    
0     00300926  _EPWM6_TZINT_ISR                                                  
1     00006800  _EPwm1Regs                                                        
1     00006840  _EPwm2Regs                                                        
1     00006880  _EPwm3Regs                                                        
1     000068c0  _EPwm4Regs                                                        
1     00006900  _EPwm5Regs                                                        
1     00006940  _EPwm6Regs                                                        
0     003009a8  _EQEP1_INT_ISR                                                    
0     003009b2  _EQEP2_INT_ISR                                                    
1     00006b00  _EQep1Regs                                                        
1     00006b40  _EQep2Regs                                                        
0     00301104  _EnableInterrupts                                                 
1     00000a80  _FlashRegs                                                        
0     0030007e  _G6A_Einstie_MATLABFunction1                                      
0     0030005c  _G6A_Einstiegsa_NEGATIVEEdge                                      
0     0030006d  _G6A_Einstiegsa_POSITIVEEdge                                      
1     0000c048  _G6A_Einstiegsaufgabe_Info_DWork                                  
0     0030136a  _G6A_Einstiegsaufgabe_Informa_M                                   
1     0000c042  _G6A_Einstiegsaufgabe_Informa_M_                                  
1     0000c058  _G6A_Einstiegsaufgabe_Informat_B                                  
1     0000c000  _G6A_Einstiegsaufgabe_Informat_P                                  
0     0030003b  _G6A_Einstiegsaufgabe_Informationstechnik_SetEventsForThisBaseStep
0     003003d5  _G6A_Einstiegsaufgabe_Informationstechnik_initialize              
0     0030013e  _G6A_Einstiegsaufgabe_Informationstechnik_step0                   
0     0030030c  _G6A_Einstiegsaufgabe_Informationstechnik_step1                   
0     0030046f  _G6A_Einstiegsaufgabe_Informationstechnik_terminate               
1     00006f80  _GpioCtrlRegs                                                     
1     00006fc0  _GpioDataRegs                                                     
1     00006fe0  _GpioIntRegs                                                      
0     00300a34  _I2CINT1A_ISR                                                     
0     00300a3e  _I2CINT2A_ISR                                                     
1     00007900  _I2caRegs                                                         
0     0030082c  _ILLEGAL_ISR                                                      
0     003007f0  _INT13_ISR                                                        
0     003007fa  _INT14_ISR                                                        
0     003011c4  _InitAdc                                                          
0     00300e15  _InitCpuTimers                                                    
0     00008000  _InitFlash                                                        
0     00300b72  _InitPeripheralClocks                                             
0     003010e5  _InitPieCtrl                                                      
0     00301157  _InitPieVectTable                                                 
0     00300b21  _InitPll                                                          
0     00300b06  _InitSysCtrl                                                      
0     00300df6  _InitXintf16Gpio                                                  
1     0000c039  _IsrOverrun                                                       
0     00300ae8  _LUF_ISR                                                          
0     00300ade  _LVF_ISR                                                          
0     003009e4  _MRINTA_ISR                                                       
0     003009d0  _MRINTB_ISR                                                       
0     003009ee  _MXINTA_ISR                                                       
0     003009da  _MXINTB_ISR                                                       
1     00005000  _McbspaRegs                                                       
1     00005040  _McbspbRegs                                                       
0     00300822  _NMI_ISR                                                          
0     00300af2  _PIE_RESERVED                                                     
1     00000ce0  _PieCtrlRegs                                                      
1     00000d00  _PieVectTable                                                     
0     00301226  _PieVectTableInit                                                 
0     0030080e  _RTOSINT_ISR                                                      
0     00301225  _RamfuncsLoadEnd                                                  
0     00301206  _RamfuncsLoadStart                                                
0     00008000  _RamfuncsRunStart                                                 
0     00300a5c  _SCIRXINTA_ISR                                                    
0     00300a70  _SCIRXINTB_ISR                                                    
0     00300a48  _SCIRXINTC_ISR                                                    
0     00300a66  _SCITXINTA_ISR                                                    
0     00300a7a  _SCITXINTB_ISR                                                    
0     00300a52  _SCITXINTC_ISR                                                    
0     003008ae  _SEQ1INT_ISR                                                      
0     003008b8  _SEQ2INT_ISR                                                      
0     003009bc  _SPIRXINTA_ISR                                                    
0     003009c6  _SPITXINTA_ISR                                                    
1     00007050  _SciaRegs                                                         
1     00007750  _ScibRegs                                                         
1     00007770  _ScicRegs                                                         
0     00300b0f  _ServiceDog                                                       
1     00007040  _SpiaRegs                                                         
1     00007010  _SysCtrlRegs                                                      
0     003008e0  _TINT0_ISR                                                        
0     00300f9f  _TINT0_isr                                                        
0     00300890  _USER10_ISR                                                       
0     0030089a  _USER11_ISR                                                       
0     003008a4  _USER12_ISR                                                       
0     00300836  _USER1_ISR                                                        
0     00300840  _USER2_ISR                                                        
0     0030084a  _USER3_ISR                                                        
0     00300854  _USER4_ISR                                                        
0     0030085e  _USER5_ISR                                                        
0     00300868  _USER6_ISR                                                        
0     00300872  _USER7_ISR                                                        
0     0030087c  _USER8_ISR                                                        
0     00300886  _USER9_ISR                                                        
0     003008ea  _WAKEINT_ISR                                                      
0     003008c2  _XINT1_ISR                                                        
0     003008cc  _XINT2_ISR                                                        
0     00300aac  _XINT3_ISR                                                        
0     00300ab6  _XINT4_ISR                                                        
0     00300ac0  _XINT5_ISR                                                        
0     00300aca  _XINT6_ISR                                                        
0     00300ad4  _XINT7_ISR                                                        
1     00007070  _XIntruptRegs                                                     
1     00000b20  _XintfRegs                                                        
1     00000600  __STACK_END                                                       
abs   00000200  __STACK_SIZE                                                      
1     0000c07a  ___TI_cleanup_ptr                                                 
1     0000c07c  ___TI_dtors_ptr                                                   
1     0000c078  ___TI_enable_exit_profile_output                                  
abs   ffffffff  ___TI_pprof_out_hndl                                              
abs   ffffffff  ___TI_prof_data_size                                              
abs   ffffffff  ___TI_prof_data_start                                             
abs   ffffffff  ___binit__                                                        
1     0000c000  ___bss__                                                          
abs   ffffffff  ___c_args__                                                       
0     00301370  ___cinit__                                                        
1     0000c000  ___data__                                                         
1     0000c000  ___edata__                                                        
1     0000c000  ___end__                                                          
0     00301206  ___etext__                                                        
abs   ffffffff  ___pinit__                                                        
0     00300000  ___text__                                                         
0     00301195  __args_main                                                       
1     0000c03e  __lock                                                            
0     003011fb  __nop                                                             
0     003011f7  __register_lock                                                   
0     003011f3  __register_unlock                                                 
1     00000400  __stack                                                           
0     0030110d  __system_post_cinit                                               
0     00301204  __system_pre_init                                                 
1     0000c07e  __unlock                                                          
0     003010bc  _abort                                                            
0     003011b5  _c2000_flash_init                                                 
0     00300f49  _c_int00                                                          
0     00301064  _config_ADC_A                                                     
0     003011e9  _config_ePWM_GPIO                                                 
0     00301027  _configureTimer0                                                  
0     00301133  _copy_in                                                          
0     003011d8  _copysign                                                         
0     003011d8  _copysignf                                                        
0     00301056  _disableTimer0Interrupt                                           
0     0030104e  _enableTimer0Interrupt                                            
1     0000c098  _errno                                                            
0     003010be  _exit                                                             
0     00300ef2  _floor                                                            
0     00300ef2  _floorf                                                           
0     003011b2  _globalInterruptDisable                                           
0     003011ae  _globalInterruptEnable                                            
0     00300d98  _init_board                                                       
0     00300000  _init_i2c                                                         
1     0000c03c  _isRateRunning                                                    
0     00300e90  _ldexp                                                            
0     00300e90  _ldexpf                                                           
0     00300d4d  _main                                                             
0     00301177  _memcpy                                                           
1     0000c03a  _need2runFlags                                                    
0     00300470  _pow                                                              
0     00300470  _powf                                                             
0     00300033  _reset_i2c                                                        
0     00300afc  _rsvd_ISR                                                         
0     00300fe3  _rtGetInf                                                         
0     00300ffc  _rtGetInfF                                                        
0     00301005  _rtGetMinusInf                                                    
0     0030101e  _rtGetMinusInfF                                                   
0     00301092  _rtGetNaN                                                         
0     003010ab  _rtGetNaNF                                                        
1     0000c06e  _rtInf                                                            
1     0000c074  _rtInfF                                                           
0     00300c26  _rtIsInf                                                          
0     00300c3e  _rtIsInfF                                                         
0     00300c56  _rtIsNaN                                                          
0     00300c79  _rtIsNaNF                                                         
1     0000c06c  _rtMinusInf                                                       
1     0000c072  _rtMinusInfF                                                      
1     0000c070  _rtNaN                                                            
1     0000c076  _rtNaNF                                                           
0     00300bfe  _rt_InitInfAndNaN                                                 
0     00300d18  _rt_OneStep                                                       
0     0030008f  _rt_powd_snf                                                      
0     00300e90  _scalbn                                                           
0     00300e90  _scalbnf                                                          
0     0030110e  _sqrt                                                             
0     0030110e  _sqrtf                                                            
1     0000c038  _stopRequested                                                    
abs   ffffffff  binit                                                             
0     00301370  cinit                                                             
0     0033fff6  code_start                                                        
1     0000c000  edata                                                             
1     0000c000  end                                                               
0     00301206  etext                                                             
abs   ffffffff  pinit                                                             


GLOBAL SYMBOLS: SORTED BY Symbol Address 

page  address   name                                                              
----  -------   ----                                                              
0     00008000  _InitFlash                                                        
0     00008000  _RamfuncsRunStart                                                 
0     0000801b  _DSP28x_usDelay                                                   
0     00300000  .text                                                             
0     00300000  ___text__                                                         
0     00300000  _init_i2c                                                         
0     00300033  _reset_i2c                                                        
0     0030003b  _G6A_Einstiegsaufgabe_Informationstechnik_SetEventsForThisBaseStep
0     0030005c  _G6A_Einstiegsa_NEGATIVEEdge                                      
0     0030006d  _G6A_Einstiegsa_POSITIVEEdge                                      
0     0030007e  _G6A_Einstie_MATLABFunction1                                      
0     0030008f  _rt_powd_snf                                                      
0     0030013e  _G6A_Einstiegsaufgabe_Informationstechnik_step0                   
0     0030030c  _G6A_Einstiegsaufgabe_Informationstechnik_step1                   
0     003003d5  _G6A_Einstiegsaufgabe_Informationstechnik_initialize              
0     0030046f  _G6A_Einstiegsaufgabe_Informationstechnik_terminate               
0     00300470  _pow                                                              
0     00300470  _powf                                                             
0     003007f0  _INT13_ISR                                                        
0     003007fa  _INT14_ISR                                                        
0     00300804  _DATALOG_ISR                                                      
0     0030080e  _RTOSINT_ISR                                                      
0     00300818  _EMUINT_ISR                                                       
0     00300822  _NMI_ISR                                                          
0     0030082c  _ILLEGAL_ISR                                                      
0     00300836  _USER1_ISR                                                        
0     00300840  _USER2_ISR                                                        
0     0030084a  _USER3_ISR                                                        
0     00300854  _USER4_ISR                                                        
0     0030085e  _USER5_ISR                                                        
0     00300868  _USER6_ISR                                                        
0     00300872  _USER7_ISR                                                        
0     0030087c  _USER8_ISR                                                        
0     00300886  _USER9_ISR                                                        
0     00300890  _USER10_ISR                                                       
0     0030089a  _USER11_ISR                                                       
0     003008a4  _USER12_ISR                                                       
0     003008ae  _SEQ1INT_ISR                                                      
0     003008b8  _SEQ2INT_ISR                                                      
0     003008c2  _XINT1_ISR                                                        
0     003008cc  _XINT2_ISR                                                        
0     003008d6  _ADCINT_ISR                                                       
0     003008e0  _TINT0_ISR                                                        
0     003008ea  _WAKEINT_ISR                                                      
0     003008f4  _EPWM1_TZINT_ISR                                                  
0     003008fe  _EPWM2_TZINT_ISR                                                  
0     00300908  _EPWM3_TZINT_ISR                                                  
0     00300912  _EPWM4_TZINT_ISR                                                  
0     0030091c  _EPWM5_TZINT_ISR                                                  
0     00300926  _EPWM6_TZINT_ISR                                                  
0     00300930  _EPWM1_INT_ISR                                                    
0     0030093a  _EPWM2_INT_ISR                                                    
0     00300944  _EPWM3_INT_ISR                                                    
0     0030094e  _EPWM4_INT_ISR                                                    
0     00300958  _EPWM5_INT_ISR                                                    
0     00300962  _EPWM6_INT_ISR                                                    
0     0030096c  _ECAP1_INT_ISR                                                    
0     00300976  _ECAP2_INT_ISR                                                    
0     00300980  _ECAP3_INT_ISR                                                    
0     0030098a  _ECAP4_INT_ISR                                                    
0     00300994  _ECAP5_INT_ISR                                                    
0     0030099e  _ECAP6_INT_ISR                                                    
0     003009a8  _EQEP1_INT_ISR                                                    
0     003009b2  _EQEP2_INT_ISR                                                    
0     003009bc  _SPIRXINTA_ISR                                                    
0     003009c6  _SPITXINTA_ISR                                                    
0     003009d0  _MRINTB_ISR                                                       
0     003009da  _MXINTB_ISR                                                       
0     003009e4  _MRINTA_ISR                                                       
0     003009ee  _MXINTA_ISR                                                       
0     003009f8  _DINTCH1_ISR                                                      
0     00300a02  _DINTCH2_ISR                                                      
0     00300a0c  _DINTCH3_ISR                                                      
0     00300a16  _DINTCH4_ISR                                                      
0     00300a20  _DINTCH5_ISR                                                      
0     00300a2a  _DINTCH6_ISR                                                      
0     00300a34  _I2CINT1A_ISR                                                     
0     00300a3e  _I2CINT2A_ISR                                                     
0     00300a48  _SCIRXINTC_ISR                                                    
0     00300a52  _SCITXINTC_ISR                                                    
0     00300a5c  _SCIRXINTA_ISR                                                    
0     00300a66  _SCITXINTA_ISR                                                    
0     00300a70  _SCIRXINTB_ISR                                                    
0     00300a7a  _SCITXINTB_ISR                                                    
0     00300a84  _ECAN0INTA_ISR                                                    
0     00300a8e  _ECAN1INTA_ISR                                                    
0     00300a98  _ECAN0INTB_ISR                                                    
0     00300aa2  _ECAN1INTB_ISR                                                    
0     00300aac  _XINT3_ISR                                                        
0     00300ab6  _XINT4_ISR                                                        
0     00300ac0  _XINT5_ISR                                                        
0     00300aca  _XINT6_ISR                                                        
0     00300ad4  _XINT7_ISR                                                        
0     00300ade  _LVF_ISR                                                          
0     00300ae8  _LUF_ISR                                                          
0     00300af2  _PIE_RESERVED                                                     
0     00300afc  _rsvd_ISR                                                         
0     00300b06  _InitSysCtrl                                                      
0     00300b0f  _ServiceDog                                                       
0     00300b19  _DisableDog                                                       
0     00300b21  _InitPll                                                          
0     00300b72  _InitPeripheralClocks                                             
0     00300bcd  _CsmUnlock                                                        
0     00300bfe  _rt_InitInfAndNaN                                                 
0     00300c26  _rtIsInf                                                          
0     00300c3e  _rtIsInfF                                                         
0     00300c56  _rtIsNaN                                                          
0     00300c79  _rtIsNaNF                                                         
0     00300c90  FS$$DIV                                                           
0     00300d18  _rt_OneStep                                                       
0     00300d4d  _main                                                             
0     00300d98  _init_board                                                       
0     00300df6  _InitXintf16Gpio                                                  
0     00300e15  _InitCpuTimers                                                    
0     00300e56  _ConfigCpuTimer                                                   
0     00300e90  _ldexp                                                            
0     00300e90  _ldexpf                                                           
0     00300e90  _scalbn                                                           
0     00300e90  _scalbnf                                                          
0     00300ef2  _floor                                                            
0     00300ef2  _floorf                                                           
0     00300f49  _c_int00                                                          
0     00300f9f  _TINT0_isr                                                        
0     00300fe3  _rtGetInf                                                         
0     00300ffc  _rtGetInfF                                                        
0     00301005  _rtGetMinusInf                                                    
0     0030101e  _rtGetMinusInfF                                                   
0     00301027  _configureTimer0                                                  
0     0030104e  _enableTimer0Interrupt                                            
0     00301056  _disableTimer0Interrupt                                           
0     00301064  _config_ADC_A                                                     
0     00301092  _rtGetNaN                                                         
0     003010ab  _rtGetNaNF                                                        
0     003010bc  C$$EXIT                                                           
0     003010bc  _abort                                                            
0     003010be  _exit                                                             
0     003010e5  _InitPieCtrl                                                      
0     00301104  _EnableInterrupts                                                 
0     0030110d  __system_post_cinit                                               
0     0030110e  _sqrt                                                             
0     0030110e  _sqrtf                                                            
0     00301133  _copy_in                                                          
0     00301157  _InitPieVectTable                                                 
0     00301177  _memcpy                                                           
0     00301195  __args_main                                                       
0     003011ae  _globalInterruptEnable                                            
0     003011b2  _globalInterruptDisable                                           
0     003011b5  _c2000_flash_init                                                 
0     003011c4  _InitAdc                                                          
0     003011d8  _copysign                                                         
0     003011d8  _copysignf                                                        
0     003011e9  _config_ePWM_GPIO                                                 
0     003011f3  __register_unlock                                                 
0     003011f7  __register_lock                                                   
0     003011fb  __nop                                                             
0     00301204  __system_pre_init                                                 
0     00301206  _RamfuncsLoadStart                                                
0     00301206  ___etext__                                                        
0     00301206  etext                                                             
0     00301225  _RamfuncsLoadEnd                                                  
0     00301226  _PieVectTableInit                                                 
0     0030136a  _G6A_Einstiegsaufgabe_Informa_M                                   
0     00301370  ___cinit__                                                        
0     00301370  cinit                                                             
0     0033fff6  code_start                                                        
0     00380080  _ADC_cal                                                          
1     00000400  __stack                                                           
1     00000600  __STACK_END                                                       
1     00000880  _DevEmuRegs                                                       
1     00000a80  _FlashRegs                                                        
1     00000ae0  _CsmRegs                                                          
1     00000b00  _AdcMirror                                                        
1     00000b20  _XintfRegs                                                        
1     00000c00  _CpuTimer0Regs                                                    
1     00000c08  _CpuTimer1Regs                                                    
1     00000c10  _CpuTimer2Regs                                                    
1     00000ce0  _PieCtrlRegs                                                      
1     00000d00  _PieVectTable                                                     
1     00001000  _DmaRegs                                                          
1     00005000  _McbspaRegs                                                       
1     00005040  _McbspbRegs                                                       
1     00006000  _ECanaRegs                                                        
1     00006040  _ECanaLAMRegs                                                     
1     00006080  _ECanaMOTSRegs                                                    
1     000060c0  _ECanaMOTORegs                                                    
1     00006100  _ECanaMboxes                                                      
1     00006200  _ECanbRegs                                                        
1     00006240  _ECanbLAMRegs                                                     
1     00006280  _ECanbMOTSRegs                                                    
1     000062c0  _ECanbMOTORegs                                                    
1     00006300  _ECanbMboxes                                                      
1     00006800  _EPwm1Regs                                                        
1     00006840  _EPwm2Regs                                                        
1     00006880  _EPwm3Regs                                                        
1     000068c0  _EPwm4Regs                                                        
1     00006900  _EPwm5Regs                                                        
1     00006940  _EPwm6Regs                                                        
1     00006a00  _ECap1Regs                                                        
1     00006a20  _ECap2Regs                                                        
1     00006a40  _ECap3Regs                                                        
1     00006a60  _ECap4Regs                                                        
1     00006a80  _ECap5Regs                                                        
1     00006aa0  _ECap6Regs                                                        
1     00006b00  _EQep1Regs                                                        
1     00006b40  _EQep2Regs                                                        
1     00006f80  _GpioCtrlRegs                                                     
1     00006fc0  _GpioDataRegs                                                     
1     00006fe0  _GpioIntRegs                                                      
1     00007010  _SysCtrlRegs                                                      
1     00007040  _SpiaRegs                                                         
1     00007050  _SciaRegs                                                         
1     00007070  _XIntruptRegs                                                     
1     00007100  _AdcRegs                                                          
1     00007750  _ScibRegs                                                         
1     00007770  _ScicRegs                                                         
1     00007900  _I2caRegs                                                         
1     0000c000  .bss                                                              
1     0000c000  .data                                                             
1     0000c000  _G6A_Einstiegsaufgabe_Informat_P                                  
1     0000c000  ___bss__                                                          
1     0000c000  ___data__                                                         
1     0000c000  ___edata__                                                        
1     0000c000  ___end__                                                          
1     0000c000  edata                                                             
1     0000c000  end                                                               
1     0000c038  _stopRequested                                                    
1     0000c039  _IsrOverrun                                                       
1     0000c03a  _need2runFlags                                                    
1     0000c03c  _isRateRunning                                                    
1     0000c03e  __lock                                                            
1     0000c042  _G6A_Einstiegsaufgabe_Informa_M_                                  
1     0000c048  _G6A_Einstiegsaufgabe_Info_DWork                                  
1     0000c058  _G6A_Einstiegsaufgabe_Informat_B                                  
1     0000c06c  _rtMinusInf                                                       
1     0000c06e  _rtInf                                                            
1     0000c070  _rtNaN                                                            
1     0000c072  _rtMinusInfF                                                      
1     0000c074  _rtInfF                                                           
1     0000c076  _rtNaNF                                                           
1     0000c078  ___TI_enable_exit_profile_output                                  
1     0000c07a  ___TI_cleanup_ptr                                                 
1     0000c07c  ___TI_dtors_ptr                                                   
1     0000c07e  __unlock                                                          
1     0000c080  _CpuTimer1                                                        
1     0000c088  _CpuTimer2                                                        
1     0000c090  _CpuTimer0                                                        
1     0000c098  _errno                                                            
1     0033fff8  _CsmPwl                                                           
abs   00000200  __STACK_SIZE                                                      
abs   ffffffff  ___TI_pprof_out_hndl                                              
abs   ffffffff  ___TI_prof_data_size                                              
abs   ffffffff  ___TI_prof_data_start                                             
abs   ffffffff  ___binit__                                                        
abs   ffffffff  ___c_args__                                                       
abs   ffffffff  ___pinit__                                                        
abs   ffffffff  binit                                                             
abs   ffffffff  pinit                                                             

[257 symbols]
